-- Logs begin at Tue 2023-06-06 02:03:04 UTC, end at Tue 2023-06-06 02:14:29 UTC. --
Jun 06 02:03:04 localhost kernel: Linux version 5.14.0-284.13.1.el9_2.x86_64 (mockbuild@x86-vm-09.build.eng.bos.redhat.com) (gcc (GCC) 11.3.1 20221121 (Red Hat 11.3.1-4), GNU ld version 2.35.2-37.el9) #1 SMP PREEMPT_DYNAMIC Thu Apr 27 13:3>
Jun 06 02:03:04 localhost kernel: The list of certified hardware and cloud instances for Red Hat Enterprise Linux 9 can be viewed at the Red Hat Ecosystem Catalog, https://catalog.redhat.com.
Jun 06 02:03:04 localhost kernel: Command line: BOOT_IMAGE=/images/pxeboot/vmlinuz coreos.liveiso=rhcos-413.92.202305021736-0 ignition.firstboot ignition.platform.id=metal
Jun 06 02:03:04 localhost kernel: x86/split lock detection: #AC: crashing the kernel on kernel split_locks and warning on user-space split_locks
Jun 06 02:03:04 localhost kernel: x86/fpu: Supporting XSAVE feature 0x001: 'x87 floating point registers'
Jun 06 02:03:04 localhost kernel: x86/fpu: Supporting XSAVE feature 0x002: 'SSE registers'
Jun 06 02:03:04 localhost kernel: x86/fpu: Supporting XSAVE feature 0x004: 'AVX registers'
Jun 06 02:03:04 localhost kernel: x86/fpu: Supporting XSAVE feature 0x020: 'AVX-512 opmask'
Jun 06 02:03:04 localhost kernel: x86/fpu: Supporting XSAVE feature 0x040: 'AVX-512 Hi256'
Jun 06 02:03:04 localhost kernel: x86/fpu: Supporting XSAVE feature 0x080: 'AVX-512 ZMM_Hi256'
Jun 06 02:03:04 localhost kernel: x86/fpu: Supporting XSAVE feature 0x200: 'Protection Keys User registers'
Jun 06 02:03:04 localhost kernel: x86/fpu: xstate_offset[2]:  576, xstate_sizes[2]:  256
Jun 06 02:03:04 localhost kernel: x86/fpu: xstate_offset[5]:  832, xstate_sizes[5]:   64
Jun 06 02:03:04 localhost kernel: x86/fpu: xstate_offset[6]:  896, xstate_sizes[6]:  512
Jun 06 02:03:04 localhost kernel: x86/fpu: xstate_offset[7]: 1408, xstate_sizes[7]: 1024
Jun 06 02:03:04 localhost kernel: x86/fpu: xstate_offset[9]: 2432, xstate_sizes[9]:    8
Jun 06 02:03:04 localhost kernel: x86/fpu: Enabled xstate features 0x2e7, context size is 2440 bytes, using 'compacted' format.
Jun 06 02:03:04 localhost kernel: signal: max sigframe size: 3632
Jun 06 02:03:04 localhost kernel: BIOS-provided physical RAM map:
Jun 06 02:03:04 localhost kernel: BIOS-e820: [mem 0x0000000000000000-0x000000000008ffff] usable
Jun 06 02:03:04 localhost kernel: BIOS-e820: [mem 0x0000000000090000-0x0000000000093fff] reserved
Jun 06 02:03:04 localhost kernel: BIOS-e820: [mem 0x0000000000094000-0x000000000009efff] usable
Jun 06 02:03:04 localhost kernel: BIOS-e820: [mem 0x000000000009f000-0x000000000009ffff] reserved
Jun 06 02:03:04 localhost kernel: BIOS-e820: [mem 0x00000000000f0000-0x00000000000fffff] reserved
Jun 06 02:03:04 localhost kernel: BIOS-e820: [mem 0x0000000000100000-0x0000000053c6bfff] usable
Jun 06 02:03:04 localhost kernel: BIOS-e820: [mem 0x0000000053c6c000-0x0000000053c9bfff] ACPI data
Jun 06 02:03:04 localhost kernel: BIOS-e820: [mem 0x0000000053c9c000-0x00000000558ebfff] reserved
Jun 06 02:03:04 localhost kernel: BIOS-e820: [mem 0x00000000558ec000-0x0000000058481fff] usable
Jun 06 02:03:04 localhost kernel: BIOS-e820: [mem 0x0000000058482000-0x00000000584fdfff] reserved
Jun 06 02:03:04 localhost kernel: BIOS-e820: [mem 0x00000000584fe000-0x00000000595fdfff] ACPI NVS
Jun 06 02:03:04 localhost kernel: BIOS-e820: [mem 0x00000000595fe000-0x0000000059835fff] usable
Jun 06 02:03:04 localhost kernel: BIOS-e820: [mem 0x0000000059836000-0x00000000598b6fff] reserved
Jun 06 02:03:04 localhost kernel: BIOS-e820: [mem 0x00000000598b7000-0x000000006f7fffff] usable
Jun 06 02:03:04 localhost kernel: BIOS-e820: [mem 0x000000006f800000-0x000000008fffffff] reserved
Jun 06 02:03:04 localhost kernel: BIOS-e820: [mem 0x0000000098000000-0x0000000099c0ffff] reserved
Jun 06 02:03:04 localhost kernel: BIOS-e820: [mem 0x00000000fe000000-0x00000000fe00ffff] reserved
Jun 06 02:03:04 localhost kernel: BIOS-e820: [mem 0x0000000100000000-0x000000207fffffff] usable
Jun 06 02:03:04 localhost kernel: NX (Execute Disable) protection: active
Jun 06 02:03:04 localhost kernel: e820: update [mem 0x505e6018-0x505ee057] usable ==> usable
Jun 06 02:03:04 localhost kernel: e820: update [mem 0x505e6018-0x505ee057] usable ==> usable
Jun 06 02:03:04 localhost kernel: e820: update [mem 0x505da018-0x505e5257] usable ==> usable
Jun 06 02:03:04 localhost kernel: e820: update [mem 0x505da018-0x505e5257] usable ==> usable
Jun 06 02:03:04 localhost kernel: e820: update [mem 0x505a4018-0x505d9057] usable ==> usable
Jun 06 02:03:04 localhost kernel: e820: update [mem 0x505a4018-0x505d9057] usable ==> usable
Jun 06 02:03:04 localhost kernel: e820: update [mem 0x50570018-0x505a3657] usable ==> usable
Jun 06 02:03:04 localhost kernel: e820: update [mem 0x50570018-0x505a3657] usable ==> usable
Jun 06 02:03:04 localhost kernel: e820: update [mem 0x5053c018-0x5056f657] usable ==> usable
Jun 06 02:03:04 localhost kernel: e820: update [mem 0x5053c018-0x5056f657] usable ==> usable
Jun 06 02:03:04 localhost kernel: e820: update [mem 0x50508018-0x5053b657] usable ==> usable
Jun 06 02:03:04 localhost kernel: e820: update [mem 0x50508018-0x5053b657] usable ==> usable
Jun 06 02:03:04 localhost kernel: e820: update [mem 0x504d4018-0x50507657] usable ==> usable
Jun 06 02:03:04 localhost kernel: e820: update [mem 0x504d4018-0x50507657] usable ==> usable
Jun 06 02:03:04 localhost kernel: e820: update [mem 0x504a0018-0x504d3657] usable ==> usable
Jun 06 02:03:04 localhost kernel: e820: update [mem 0x504a0018-0x504d3657] usable ==> usable
Jun 06 02:03:04 localhost kernel: e820: update [mem 0x5046c018-0x5049f657] usable ==> usable
Jun 06 02:03:04 localhost kernel: e820: update [mem 0x5046c018-0x5049f657] usable ==> usable
Jun 06 02:03:04 localhost kernel: e820: update [mem 0x3ec5b018-0x3ec8e657] usable ==> usable
Jun 06 02:03:04 localhost kernel: e820: update [mem 0x3ec5b018-0x3ec8e657] usable ==> usable
Jun 06 02:03:04 localhost kernel: e820: update [mem 0x3ec27018-0x3ec5a657] usable ==> usable
Jun 06 02:03:04 localhost kernel: e820: update [mem 0x3ec27018-0x3ec5a657] usable ==> usable
Jun 06 02:03:04 localhost kernel: e820: update [mem 0x3ec20018-0x3ec26657] usable ==> usable
Jun 06 02:03:04 localhost kernel: e820: update [mem 0x3ec20018-0x3ec26657] usable ==> usable
Jun 06 02:03:04 localhost kernel: e820: update [mem 0x3ec19018-0x3ec1f657] usable ==> usable
Jun 06 02:03:04 localhost kernel: e820: update [mem 0x3ec19018-0x3ec1f657] usable ==> usable
Jun 06 02:03:04 localhost kernel: extended physical RAM map:
Jun 06 02:03:04 localhost kernel: reserve setup_data: [mem 0x0000000000000000-0x000000000008ffff] usable
Jun 06 02:03:04 localhost kernel: reserve setup_data: [mem 0x0000000000090000-0x0000000000093fff] reserved
Jun 06 02:03:04 localhost kernel: reserve setup_data: [mem 0x0000000000094000-0x000000000009efff] usable
Jun 06 02:03:04 localhost kernel: reserve setup_data: [mem 0x000000000009f000-0x000000000009ffff] reserved
Jun 06 02:03:04 localhost kernel: reserve setup_data: [mem 0x00000000000f0000-0x00000000000fffff] reserved
Jun 06 02:03:04 localhost kernel: reserve setup_data: [mem 0x0000000000100000-0x000000003ec19017] usable
Jun 06 02:03:04 localhost kernel: reserve setup_data: [mem 0x000000003ec19018-0x000000003ec1f657] usable
Jun 06 02:03:04 localhost kernel: reserve setup_data: [mem 0x000000003ec1f658-0x000000003ec20017] usable
Jun 06 02:03:04 localhost kernel: reserve setup_data: [mem 0x000000003ec20018-0x000000003ec26657] usable
Jun 06 02:03:04 localhost kernel: reserve setup_data: [mem 0x000000003ec26658-0x000000003ec27017] usable
Jun 06 02:03:04 localhost kernel: reserve setup_data: [mem 0x000000003ec27018-0x000000003ec5a657] usable
Jun 06 02:03:04 localhost kernel: reserve setup_data: [mem 0x000000003ec5a658-0x000000003ec5b017] usable
Jun 06 02:03:04 localhost kernel: reserve setup_data: [mem 0x000000003ec5b018-0x000000003ec8e657] usable
Jun 06 02:03:04 localhost kernel: reserve setup_data: [mem 0x000000003ec8e658-0x000000005046c017] usable
Jun 06 02:03:04 localhost kernel: reserve setup_data: [mem 0x000000005046c018-0x000000005049f657] usable
Jun 06 02:03:04 localhost kernel: reserve setup_data: [mem 0x000000005049f658-0x00000000504a0017] usable
Jun 06 02:03:04 localhost kernel: reserve setup_data: [mem 0x00000000504a0018-0x00000000504d3657] usable
Jun 06 02:03:04 localhost kernel: reserve setup_data: [mem 0x00000000504d3658-0x00000000504d4017] usable
Jun 06 02:03:04 localhost kernel: reserve setup_data: [mem 0x00000000504d4018-0x0000000050507657] usable
Jun 06 02:03:04 localhost kernel: reserve setup_data: [mem 0x0000000050507658-0x0000000050508017] usable
Jun 06 02:03:04 localhost kernel: reserve setup_data: [mem 0x0000000050508018-0x000000005053b657] usable
Jun 06 02:03:04 localhost kernel: reserve setup_data: [mem 0x000000005053b658-0x000000005053c017] usable
Jun 06 02:03:04 localhost kernel: reserve setup_data: [mem 0x000000005053c018-0x000000005056f657] usable
Jun 06 02:03:04 localhost kernel: reserve setup_data: [mem 0x000000005056f658-0x0000000050570017] usable
Jun 06 02:03:04 localhost kernel: reserve setup_data: [mem 0x0000000050570018-0x00000000505a3657] usable
Jun 06 02:03:04 localhost kernel: reserve setup_data: [mem 0x00000000505a3658-0x00000000505a4017] usable
Jun 06 02:03:04 localhost kernel: reserve setup_data: [mem 0x00000000505a4018-0x00000000505d9057] usable
Jun 06 02:03:04 localhost kernel: reserve setup_data: [mem 0x00000000505d9058-0x00000000505da017] usable
Jun 06 02:03:04 localhost kernel: reserve setup_data: [mem 0x00000000505da018-0x00000000505e5257] usable
Jun 06 02:03:04 localhost kernel: reserve setup_data: [mem 0x00000000505e5258-0x00000000505e6017] usable
Jun 06 02:03:04 localhost kernel: reserve setup_data: [mem 0x00000000505e6018-0x00000000505ee057] usable
Jun 06 02:03:04 localhost kernel: reserve setup_data: [mem 0x00000000505ee058-0x0000000053c6bfff] usable
Jun 06 02:03:04 localhost kernel: reserve setup_data: [mem 0x0000000053c6c000-0x0000000053c9bfff] ACPI data
Jun 06 02:03:04 localhost kernel: reserve setup_data: [mem 0x0000000053c9c000-0x00000000558ebfff] reserved
Jun 06 02:03:04 localhost kernel: reserve setup_data: [mem 0x00000000558ec000-0x0000000058481fff] usable
Jun 06 02:03:04 localhost kernel: reserve setup_data: [mem 0x0000000058482000-0x00000000584fdfff] reserved
Jun 06 02:03:04 localhost kernel: reserve setup_data: [mem 0x00000000584fe000-0x00000000595fdfff] ACPI NVS
Jun 06 02:03:04 localhost kernel: reserve setup_data: [mem 0x00000000595fe000-0x0000000059835fff] usable
Jun 06 02:03:04 localhost kernel: reserve setup_data: [mem 0x0000000059836000-0x00000000598b6fff] reserved
Jun 06 02:03:04 localhost kernel: reserve setup_data: [mem 0x00000000598b7000-0x000000006f7fffff] usable
Jun 06 02:03:04 localhost kernel: reserve setup_data: [mem 0x000000006f800000-0x000000008fffffff] reserved
Jun 06 02:03:04 localhost kernel: reserve setup_data: [mem 0x0000000098000000-0x0000000099c0ffff] reserved
Jun 06 02:03:04 localhost kernel: reserve setup_data: [mem 0x00000000fe000000-0x00000000fe00ffff] reserved
Jun 06 02:03:04 localhost kernel: reserve setup_data: [mem 0x0000000100000000-0x000000207fffffff] usable
Jun 06 02:03:04 localhost kernel: efi: EFI v2.70 by HPE
Jun 06 02:03:04 localhost kernel: efi: SMBIOS=0x540a8000 SMBIOS 3.0=0x540a6000 ACPI=0x53c9b000 ACPI 2.0=0x53c9b014 TPMFinalLog=0x5856d000 MEMATTR=0x3ec8f018 MOKvar=0x540a5000 RNG=0x540bab18 TPMEventLog=0x505ef018 
Jun 06 02:03:04 localhost kernel: efi: seeding entropy pool
Jun 06 02:03:04 localhost kernel: secureboot: Secure boot disabled
Jun 06 02:03:04 localhost kernel: SMBIOS 3.4.0 present.
Jun 06 02:03:04 localhost kernel: DMI: HPE Edgeline e920t/Edgeline e920t, BIOS H10 08/16/2022
Jun 06 02:03:04 localhost kernel: tsc: Detected 2200.000 MHz processor
Jun 06 02:03:04 localhost kernel: e820: update [mem 0x00000000-0x00000fff] usable ==> reserved
Jun 06 02:03:04 localhost kernel: e820: remove [mem 0x000a0000-0x000fffff] usable
Jun 06 02:03:04 localhost kernel: last_pfn = 0x2080000 max_arch_pfn = 0x10000000000
Jun 06 02:03:04 localhost kernel: x86/PAT: Configuration [0-7]: WB  WC  UC- UC  WB  WP  UC- WT  
Jun 06 02:03:04 localhost kernel: total RAM covered: 260080M
Jun 06 02:03:04 localhost kernel: Found optimal setting for mtrr clean up
Jun 06 02:03:04 localhost kernel:  gran_size: 64K         chunk_size: 32M         num_reg: 8          lose cover RAM: 0G
Jun 06 02:03:04 localhost kernel: e820: update [mem 0x7f000000-0xffffffff] usable ==> reserved
Jun 06 02:03:04 localhost kernel: x2apic: enabled by BIOS, switching to x2apic ops
Jun 06 02:03:04 localhost kernel: last_pfn = 0x6f800 max_arch_pfn = 0x10000000000
Jun 06 02:03:04 localhost kernel: Using GB pages for direct mapping
Jun 06 02:03:04 localhost kernel: secureboot: Secure boot disabled
Jun 06 02:03:04 localhost kernel: RAMDISK: [mem 0x2a93b000-0x30225fff]
Jun 06 02:03:04 localhost kernel: ACPI: Early table checksum verification disabled
Jun 06 02:03:04 localhost kernel: ACPI: RSDP 0x0000000053C9B014 000024 (v02 HPE   )
Jun 06 02:03:04 localhost kernel: ACPI: XSDT 0x0000000053C84188 000124 (v01 HPE    Server   00000001      01000013)
Jun 06 02:03:04 localhost kernel: ACPI: FACP 0x0000000053C8E000 00010C (v06 HPE    Server   00000001 1590 00000001)
Jun 06 02:03:04 localhost kernel: ACPI: DSDT 0x0000000053C77000 008089 (v02 HPE    Server   00000002 HPE  00020000)
Jun 06 02:03:04 localhost kernel: ACPI: FACS 0x000000005856B000 000040
Jun 06 02:03:04 localhost kernel: ACPI: SSDT 0x0000000053C99000 000C0A (v02 HPE    ADDRXLAT 00000001 INTL 20181003)
Jun 06 02:03:04 localhost kernel: ACPI: ERST 0x0000000053C98000 000250 (v01 HPE    Server   00000001 INTL 00000001)
Jun 06 02:03:04 localhost kernel: ACPI: MCEJ 0x0000000053C97000 000130 (v01 HPE    Server   00000001 INTL 0100000D)
Jun 06 02:03:04 localhost kernel: ACPI: BERT 0x0000000053C96000 000030 (v01 HPE    Server   00000001 INTL 00000001)
Jun 06 02:03:04 localhost kernel: ACPI: PMTT 0x0000000053C94000 000908 (v02 HPE    Server   00000001 INTL 20091013)
Jun 06 02:03:04 localhost kernel: ACPI: SSDT 0x0000000053C93000 000562 (v01 HPE    SgxSsdt  00000001 INTL 20181003)
Jun 06 02:03:04 localhost kernel: ACPI: HEST 0x0000000053C92000 00017C (v01 HPE    Server   00000001 INTL 00000001)
Jun 06 02:03:04 localhost kernel: ACPI: EINJ 0x0000000053C91000 000170 (v01 HPE    Server   00000001 INTL 00000001)
Jun 06 02:03:04 localhost kernel: ACPI: SSDT 0x0000000053C90000 00061B (v02 HPE    Tpm2Tabl 00001000 INTL 20181003)
Jun 06 02:03:04 localhost kernel: ACPI: TPM2 0x0000000053C8F000 00004C (v04 HPE    Server   00000002      01000013)
Jun 06 02:03:04 localhost kernel: ACPI: SSDT 0x0000000053C95000 00003A (v02 HPE    PLATOPRG 00000001 INTL 20181003)
Jun 06 02:03:04 localhost kernel: ACPI: HPET 0x0000000053C8D000 000038 (v01 HPE    Server   00000001 1590 00000001)
Jun 06 02:03:04 localhost kernel: ACPI: WDDT 0x0000000053C8C000 000040 (v01 HPE    Server   00000001 1590 00000001)
Jun 06 02:03:04 localhost kernel: ACPI: APIC 0x0000000053C8B000 00074C (v05 HPE    Server   00000001 1590 00000001)
Jun 06 02:03:04 localhost kernel: ACPI: MCFG 0x0000000053C8A000 00003C (v01 HPE    Server   00000001 1590 00000001)
Jun 06 02:03:04 localhost kernel: ACPI: SLIT 0x0000000053C89000 00002D (v01 HPE    Server   00000001 1590 00000001)
Jun 06 02:03:04 localhost kernel: ACPI: SRAT 0x0000000053C88000 000680 (v03 HPE    Server   00000001 1590 00000001)
Jun 06 02:03:04 localhost kernel: ACPI: HMAT 0x0000000053C87000 0000A4 (v02 HPE    Server   00000001 1590 00000001)
Jun 06 02:03:04 localhost kernel: ACPI: SPMI 0x0000000053C86000 000041 (v05 HPE    Server   00000001 1590 00000001)
Jun 06 02:03:04 localhost kernel: ACPI: SPCR 0x0000000053C85000 000050 (v02 HPE    Server   00000001 1590 00000001)
Jun 06 02:03:04 localhost kernel: ACPI: MSCT 0x0000000053C9A000 00004E (v01 HPE    Server   00000001 1590 00000001)
Jun 06 02:03:04 localhost kernel: ACPI: BDAT 0x0000000053C83000 000030 (v01 HPE    Server   00000001 1590 00000001)
Jun 06 02:03:04 localhost kernel: ACPI: WSMT 0x0000000053C82000 000028 (v01 HPE    Server   00000001 1590 00000001)
Jun 06 02:03:04 localhost kernel: ACPI: PCCT 0x0000000053C81000 000030 (v02 HPE    Server   00000001 1590 00000001)
Jun 06 02:03:04 localhost kernel: ACPI: DMAR 0x0000000053C80000 000178 (v01 HPE    Server   00000001 1590 00000001)
Jun 06 02:03:04 localhost kernel: ACPI: SSDT 0x0000000053C72000 004470 (v02 HPE    PCISSDT  00000002 HPE  00020000)
Jun 06 02:03:04 localhost kernel: ACPI: SSDT 0x0000000053C71000 0001C9 (v02 HPE    TIMESSDT 00000002 HPE  00020000)
Jun 06 02:03:04 localhost kernel: ACPI: SSDT 0x0000000053C70000 000302 (v01 HPE    pmab     00000001 1590 20181003)
Jun 06 02:03:04 localhost kernel: ACPI: OEM1 0x0000000053C6F000 000AB7 (v02 HPE    CPU  CPC 00000002 HPE  00020000)
Jun 06 02:03:04 localhost kernel: ACPI: BGRT 0x0000000053C6E000 000038 (v01 HPE    Server   00000002 1590 01000013)
Jun 06 02:03:04 localhost kernel: ACPI: FPDT 0x0000000053C6D000 000034 (v01 HPE    Server   00000002      01000013)
Jun 06 02:03:04 localhost kernel: ACPI: Reserving FACP table memory at [mem 0x53c8e000-0x53c8e10b]
Jun 06 02:03:04 localhost kernel: ACPI: Reserving DSDT table memory at [mem 0x53c77000-0x53c7f088]
Jun 06 02:03:04 localhost kernel: ACPI: Reserving FACS table memory at [mem 0x5856b000-0x5856b03f]
Jun 06 02:03:04 localhost kernel: ACPI: Reserving SSDT table memory at [mem 0x53c99000-0x53c99c09]
Jun 06 02:03:04 localhost kernel: ACPI: Reserving ERST table memory at [mem 0x53c98000-0x53c9824f]
Jun 06 02:03:04 localhost kernel: ACPI: Reserving MCEJ table memory at [mem 0x53c97000-0x53c9712f]
Jun 06 02:03:04 localhost kernel: ACPI: Reserving BERT table memory at [mem 0x53c96000-0x53c9602f]
Jun 06 02:03:04 localhost kernel: ACPI: Reserving PMTT table memory at [mem 0x53c94000-0x53c94907]
Jun 06 02:03:04 localhost kernel: ACPI: Reserving SSDT table memory at [mem 0x53c93000-0x53c93561]
Jun 06 02:03:04 localhost kernel: ACPI: Reserving HEST table memory at [mem 0x53c92000-0x53c9217b]
Jun 06 02:03:04 localhost kernel: ACPI: Reserving EINJ table memory at [mem 0x53c91000-0x53c9116f]
Jun 06 02:03:04 localhost kernel: ACPI: Reserving SSDT table memory at [mem 0x53c90000-0x53c9061a]
Jun 06 02:03:04 localhost kernel: ACPI: Reserving TPM2 table memory at [mem 0x53c8f000-0x53c8f04b]
Jun 06 02:03:04 localhost kernel: ACPI: Reserving SSDT table memory at [mem 0x53c95000-0x53c95039]
Jun 06 02:03:04 localhost kernel: ACPI: Reserving HPET table memory at [mem 0x53c8d000-0x53c8d037]
Jun 06 02:03:04 localhost kernel: ACPI: Reserving WDDT table memory at [mem 0x53c8c000-0x53c8c03f]
Jun 06 02:03:04 localhost kernel: ACPI: Reserving APIC table memory at [mem 0x53c8b000-0x53c8b74b]
Jun 06 02:03:04 localhost kernel: ACPI: Reserving MCFG table memory at [mem 0x53c8a000-0x53c8a03b]
Jun 06 02:03:04 localhost kernel: ACPI: Reserving SLIT table memory at [mem 0x53c89000-0x53c8902c]
Jun 06 02:03:04 localhost kernel: ACPI: Reserving SRAT table memory at [mem 0x53c88000-0x53c8867f]
Jun 06 02:03:04 localhost kernel: ACPI: Reserving HMAT table memory at [mem 0x53c87000-0x53c870a3]
Jun 06 02:03:04 localhost kernel: ACPI: Reserving SPMI table memory at [mem 0x53c86000-0x53c86040]
Jun 06 02:03:04 localhost kernel: ACPI: Reserving SPCR table memory at [mem 0x53c85000-0x53c8504f]
Jun 06 02:03:04 localhost kernel: ACPI: Reserving MSCT table memory at [mem 0x53c9a000-0x53c9a04d]
Jun 06 02:03:04 localhost kernel: ACPI: Reserving BDAT table memory at [mem 0x53c83000-0x53c8302f]
Jun 06 02:03:04 localhost kernel: ACPI: Reserving WSMT table memory at [mem 0x53c82000-0x53c82027]
Jun 06 02:03:04 localhost kernel: ACPI: Reserving PCCT table memory at [mem 0x53c81000-0x53c8102f]
Jun 06 02:03:04 localhost kernel: ACPI: Reserving DMAR table memory at [mem 0x53c80000-0x53c80177]
Jun 06 02:03:04 localhost kernel: ACPI: Reserving SSDT table memory at [mem 0x53c72000-0x53c7646f]
Jun 06 02:03:04 localhost kernel: ACPI: Reserving SSDT table memory at [mem 0x53c71000-0x53c711c8]
Jun 06 02:03:04 localhost kernel: ACPI: Reserving SSDT table memory at [mem 0x53c70000-0x53c70301]
Jun 06 02:03:04 localhost kernel: ACPI: Reserving OEM1 table memory at [mem 0x53c6f000-0x53c6fab6]
Jun 06 02:03:04 localhost kernel: ACPI: Reserving BGRT table memory at [mem 0x53c6e000-0x53c6e037]
Jun 06 02:03:04 localhost kernel: ACPI: Reserving FPDT table memory at [mem 0x53c6d000-0x53c6d033]
Jun 06 02:03:04 localhost kernel: Setting APIC routing to cluster x2apic.
Jun 06 02:03:04 localhost kernel: SRAT: PXM 0 -> APIC 0x0000 -> Node 0
Jun 06 02:03:04 localhost kernel: SRAT: PXM 0 -> APIC 0x0002 -> Node 0
Jun 06 02:03:04 localhost kernel: SRAT: PXM 0 -> APIC 0x0004 -> Node 0
Jun 06 02:03:04 localhost kernel: SRAT: PXM 0 -> APIC 0x0006 -> Node 0
Jun 06 02:03:04 localhost kernel: SRAT: PXM 0 -> APIC 0x0008 -> Node 0
Jun 06 02:03:04 localhost kernel: SRAT: PXM 0 -> APIC 0x000a -> Node 0
Jun 06 02:03:04 localhost kernel: SRAT: PXM 0 -> APIC 0x000c -> Node 0
Jun 06 02:03:04 localhost kernel: SRAT: PXM 0 -> APIC 0x000e -> Node 0
Jun 06 02:03:04 localhost kernel: SRAT: PXM 0 -> APIC 0x0010 -> Node 0
Jun 06 02:03:04 localhost kernel: SRAT: PXM 0 -> APIC 0x0012 -> Node 0
Jun 06 02:03:04 localhost kernel: SRAT: PXM 0 -> APIC 0x0014 -> Node 0
Jun 06 02:03:04 localhost kernel: SRAT: PXM 0 -> APIC 0x0016 -> Node 0
Jun 06 02:03:04 localhost kernel: SRAT: PXM 0 -> APIC 0x0018 -> Node 0
Jun 06 02:03:04 localhost kernel: SRAT: PXM 0 -> APIC 0x001a -> Node 0
Jun 06 02:03:04 localhost kernel: SRAT: PXM 0 -> APIC 0x001c -> Node 0
Jun 06 02:03:04 localhost kernel: SRAT: PXM 0 -> APIC 0x001e -> Node 0
Jun 06 02:03:04 localhost kernel: SRAT: PXM 0 -> APIC 0x0020 -> Node 0
Jun 06 02:03:04 localhost kernel: SRAT: PXM 0 -> APIC 0x0022 -> Node 0
Jun 06 02:03:04 localhost kernel: SRAT: PXM 0 -> APIC 0x0024 -> Node 0
Jun 06 02:03:04 localhost kernel: SRAT: PXM 0 -> APIC 0x0026 -> Node 0
Jun 06 02:03:04 localhost kernel: SRAT: PXM 0 -> APIC 0x0028 -> Node 0
Jun 06 02:03:04 localhost kernel: SRAT: PXM 0 -> APIC 0x002a -> Node 0
Jun 06 02:03:04 localhost kernel: SRAT: PXM 0 -> APIC 0x002c -> Node 0
Jun 06 02:03:04 localhost kernel: SRAT: PXM 0 -> APIC 0x002e -> Node 0
Jun 06 02:03:04 localhost kernel: SRAT: PXM 0 -> APIC 0x0030 -> Node 0
Jun 06 02:03:04 localhost kernel: SRAT: PXM 0 -> APIC 0x0032 -> Node 0
Jun 06 02:03:04 localhost kernel: SRAT: PXM 0 -> APIC 0x0034 -> Node 0
Jun 06 02:03:04 localhost kernel: SRAT: PXM 0 -> APIC 0x0036 -> Node 0
Jun 06 02:03:04 localhost kernel: SRAT: PXM 0 -> APIC 0x0038 -> Node 0
Jun 06 02:03:04 localhost kernel: SRAT: PXM 0 -> APIC 0x003a -> Node 0
Jun 06 02:03:04 localhost kernel: SRAT: PXM 0 -> APIC 0x003c -> Node 0
Jun 06 02:03:04 localhost kernel: SRAT: PXM 0 -> APIC 0x003e -> Node 0
Jun 06 02:03:04 localhost kernel: SRAT: PXM 0 -> APIC 0x0001 -> Node 0
Jun 06 02:03:04 localhost kernel: SRAT: PXM 0 -> APIC 0x0003 -> Node 0
Jun 06 02:03:04 localhost kernel: SRAT: PXM 0 -> APIC 0x0005 -> Node 0
Jun 06 02:03:04 localhost kernel: SRAT: PXM 0 -> APIC 0x0007 -> Node 0
Jun 06 02:03:04 localhost kernel: SRAT: PXM 0 -> APIC 0x0009 -> Node 0
Jun 06 02:03:04 localhost kernel: SRAT: PXM 0 -> APIC 0x000b -> Node 0
Jun 06 02:03:04 localhost kernel: SRAT: PXM 0 -> APIC 0x000d -> Node 0
Jun 06 02:03:04 localhost kernel: SRAT: PXM 0 -> APIC 0x000f -> Node 0
Jun 06 02:03:04 localhost kernel: SRAT: PXM 0 -> APIC 0x0011 -> Node 0
Jun 06 02:03:04 localhost kernel: SRAT: PXM 0 -> APIC 0x0013 -> Node 0
Jun 06 02:03:04 localhost kernel: SRAT: PXM 0 -> APIC 0x0015 -> Node 0
Jun 06 02:03:04 localhost kernel: SRAT: PXM 0 -> APIC 0x0017 -> Node 0
Jun 06 02:03:04 localhost kernel: SRAT: PXM 0 -> APIC 0x0019 -> Node 0
Jun 06 02:03:04 localhost kernel: SRAT: PXM 0 -> APIC 0x001b -> Node 0
Jun 06 02:03:04 localhost kernel: SRAT: PXM 0 -> APIC 0x001d -> Node 0
Jun 06 02:03:04 localhost kernel: SRAT: PXM 0 -> APIC 0x001f -> Node 0
Jun 06 02:03:04 localhost kernel: SRAT: PXM 0 -> APIC 0x0021 -> Node 0
Jun 06 02:03:04 localhost kernel: SRAT: PXM 0 -> APIC 0x0023 -> Node 0
Jun 06 02:03:04 localhost kernel: SRAT: PXM 0 -> APIC 0x0025 -> Node 0
Jun 06 02:03:04 localhost kernel: SRAT: PXM 0 -> APIC 0x0027 -> Node 0
Jun 06 02:03:04 localhost kernel: SRAT: PXM 0 -> APIC 0x0029 -> Node 0
Jun 06 02:03:04 localhost kernel: SRAT: PXM 0 -> APIC 0x002b -> Node 0
Jun 06 02:03:04 localhost kernel: SRAT: PXM 0 -> APIC 0x002d -> Node 0
Jun 06 02:03:04 localhost kernel: SRAT: PXM 0 -> APIC 0x002f -> Node 0
Jun 06 02:03:04 localhost kernel: SRAT: PXM 0 -> APIC 0x0031 -> Node 0
Jun 06 02:03:04 localhost kernel: SRAT: PXM 0 -> APIC 0x0033 -> Node 0
Jun 06 02:03:04 localhost kernel: SRAT: PXM 0 -> APIC 0x0035 -> Node 0
Jun 06 02:03:04 localhost kernel: SRAT: PXM 0 -> APIC 0x0037 -> Node 0
Jun 06 02:03:04 localhost kernel: SRAT: PXM 0 -> APIC 0x0039 -> Node 0
Jun 06 02:03:04 localhost kernel: SRAT: PXM 0 -> APIC 0x003b -> Node 0
Jun 06 02:03:04 localhost kernel: SRAT: PXM 0 -> APIC 0x003d -> Node 0
Jun 06 02:03:04 localhost kernel: SRAT: PXM 0 -> APIC 0x003f -> Node 0
Jun 06 02:03:04 localhost kernel: ACPI: SRAT: Node 0 PXM 0 [mem 0x00000000-0x7fffffff]
Jun 06 02:03:04 localhost kernel: ACPI: SRAT: Node 0 PXM 0 [mem 0x100000000-0x207fffffff]
Jun 06 02:03:04 localhost kernel: NUMA: Initialized distance table, cnt=1
Jun 06 02:03:04 localhost kernel: NUMA: Node 0 [mem 0x00000000-0x7fffffff] + [mem 0x100000000-0x207fffffff] -> [mem 0x00000000-0x207fffffff]
Jun 06 02:03:04 localhost kernel: NODE_DATA(0) allocated [mem 0x207ffd4000-0x207fffefff]
Jun 06 02:03:04 localhost kernel: Zone ranges:
Jun 06 02:03:04 localhost kernel:   DMA      [mem 0x0000000000001000-0x0000000000ffffff]
Jun 06 02:03:04 localhost kernel:   DMA32    [mem 0x0000000001000000-0x00000000ffffffff]
Jun 06 02:03:04 localhost kernel:   Normal   [mem 0x0000000100000000-0x000000207fffffff]
Jun 06 02:03:04 localhost kernel:   Device   empty
Jun 06 02:03:04 localhost kernel: Movable zone start for each node
Jun 06 02:03:04 localhost kernel: Early memory node ranges
Jun 06 02:03:04 localhost kernel:   node   0: [mem 0x0000000000001000-0x000000000008ffff]
Jun 06 02:03:04 localhost kernel:   node   0: [mem 0x0000000000094000-0x000000000009efff]
Jun 06 02:03:04 localhost kernel:   node   0: [mem 0x0000000000100000-0x0000000053c6bfff]
Jun 06 02:03:04 localhost kernel:   node   0: [mem 0x00000000558ec000-0x0000000058481fff]
Jun 06 02:03:04 localhost kernel:   node   0: [mem 0x00000000595fe000-0x0000000059835fff]
Jun 06 02:03:04 localhost kernel:   node   0: [mem 0x00000000598b7000-0x000000006f7fffff]
Jun 06 02:03:04 localhost kernel:   node   0: [mem 0x0000000100000000-0x000000207fffffff]
Jun 06 02:03:04 localhost kernel: Initmem setup node 0 [mem 0x0000000000001000-0x000000207fffffff]
Jun 06 02:03:04 localhost kernel: On node 0, zone DMA: 1 pages in unavailable ranges
Jun 06 02:03:04 localhost kernel: On node 0, zone DMA: 4 pages in unavailable ranges
Jun 06 02:03:04 localhost kernel: On node 0, zone DMA: 97 pages in unavailable ranges
Jun 06 02:03:04 localhost kernel: On node 0, zone DMA32: 7296 pages in unavailable ranges
Jun 06 02:03:04 localhost kernel: On node 0, zone DMA32: 4476 pages in unavailable ranges
Jun 06 02:03:04 localhost kernel: On node 0, zone DMA32: 129 pages in unavailable ranges
Jun 06 02:03:04 localhost kernel: On node 0, zone Normal: 2048 pages in unavailable ranges
Jun 06 02:03:04 localhost kernel: ACPI: PM-Timer IO Port: 0x508
Jun 06 02:03:04 localhost kernel: ACPI: X2APIC_NMI (uid[0x00] high level lint[0x1])
Jun 06 02:03:04 localhost kernel: ACPI: X2APIC_NMI (uid[0x01] high level lint[0x1])
Jun 06 02:03:04 localhost kernel: ACPI: X2APIC_NMI (uid[0x02] high level lint[0x1])
Jun 06 02:03:04 localhost kernel: ACPI: X2APIC_NMI (uid[0x03] high level lint[0x1])
Jun 06 02:03:04 localhost kernel: ACPI: X2APIC_NMI (uid[0x04] high level lint[0x1])
Jun 06 02:03:04 localhost kernel: ACPI: X2APIC_NMI (uid[0x05] high level lint[0x1])
Jun 06 02:03:04 localhost kernel: ACPI: X2APIC_NMI (uid[0x06] high level lint[0x1])
Jun 06 02:03:04 localhost kernel: ACPI: X2APIC_NMI (uid[0x07] high level lint[0x1])
Jun 06 02:03:04 localhost kernel: ACPI: X2APIC_NMI (uid[0x08] high level lint[0x1])
Jun 06 02:03:04 localhost kernel: ACPI: X2APIC_NMI (uid[0x09] high level lint[0x1])
Jun 06 02:03:04 localhost kernel: ACPI: X2APIC_NMI (uid[0x0a] high level lint[0x1])
Jun 06 02:03:04 localhost kernel: ACPI: X2APIC_NMI (uid[0x0b] high level lint[0x1])
Jun 06 02:03:04 localhost kernel: ACPI: X2APIC_NMI (uid[0x0c] high level lint[0x1])
Jun 06 02:03:04 localhost kernel: ACPI: X2APIC_NMI (uid[0x0d] high level lint[0x1])
Jun 06 02:03:04 localhost kernel: ACPI: X2APIC_NMI (uid[0x0e] high level lint[0x1])
Jun 06 02:03:04 localhost kernel: ACPI: X2APIC_NMI (uid[0x0f] high level lint[0x1])
Jun 06 02:03:04 localhost kernel: ACPI: X2APIC_NMI (uid[0x10] high level lint[0x1])
Jun 06 02:03:04 localhost kernel: ACPI: X2APIC_NMI (uid[0x11] high level lint[0x1])
Jun 06 02:03:04 localhost kernel: ACPI: X2APIC_NMI (uid[0x12] high level lint[0x1])
Jun 06 02:03:04 localhost kernel: ACPI: X2APIC_NMI (uid[0x13] high level lint[0x1])
Jun 06 02:03:04 localhost kernel: ACPI: X2APIC_NMI (uid[0x14] high level lint[0x1])
Jun 06 02:03:04 localhost kernel: ACPI: X2APIC_NMI (uid[0x15] high level lint[0x1])
Jun 06 02:03:04 localhost kernel: ACPI: X2APIC_NMI (uid[0x16] high level lint[0x1])
Jun 06 02:03:04 localhost kernel: ACPI: X2APIC_NMI (uid[0x17] high level lint[0x1])
Jun 06 02:03:04 localhost kernel: ACPI: X2APIC_NMI (uid[0x18] high level lint[0x1])
Jun 06 02:03:04 localhost kernel: ACPI: X2APIC_NMI (uid[0x19] high level lint[0x1])
Jun 06 02:03:04 localhost kernel: ACPI: X2APIC_NMI (uid[0x1a] high level lint[0x1])
Jun 06 02:03:04 localhost kernel: ACPI: X2APIC_NMI (uid[0x1b] high level lint[0x1])
Jun 06 02:03:04 localhost kernel: ACPI: X2APIC_NMI (uid[0x1c] high level lint[0x1])
Jun 06 02:03:04 localhost kernel: ACPI: X2APIC_NMI (uid[0x1d] high level lint[0x1])
Jun 06 02:03:04 localhost kernel: ACPI: X2APIC_NMI (uid[0x1e] high level lint[0x1])
Jun 06 02:03:04 localhost kernel: ACPI: X2APIC_NMI (uid[0x1f] high level lint[0x1])
Jun 06 02:03:04 localhost kernel: ACPI: X2APIC_NMI (uid[0x20] high level lint[0x1])
Jun 06 02:03:04 localhost kernel: ACPI: X2APIC_NMI (uid[0x21] high level lint[0x1])
Jun 06 02:03:04 localhost kernel: ACPI: X2APIC_NMI (uid[0x22] high level lint[0x1])
Jun 06 02:03:04 localhost kernel: ACPI: X2APIC_NMI (uid[0x23] high level lint[0x1])
Jun 06 02:03:04 localhost kernel: ACPI: X2APIC_NMI (uid[0x24] high level lint[0x1])
Jun 06 02:03:04 localhost kernel: ACPI: X2APIC_NMI (uid[0x25] high level lint[0x1])
Jun 06 02:03:04 localhost kernel: ACPI: X2APIC_NMI (uid[0x26] high level lint[0x1])
Jun 06 02:03:04 localhost kernel: ACPI: X2APIC_NMI (uid[0x27] high level lint[0x1])
Jun 06 02:03:04 localhost kernel: ACPI: X2APIC_NMI (uid[0x28] high level lint[0x1])
Jun 06 02:03:04 localhost kernel: ACPI: X2APIC_NMI (uid[0x29] high level lint[0x1])
Jun 06 02:03:04 localhost kernel: ACPI: X2APIC_NMI (uid[0x2a] high level lint[0x1])
Jun 06 02:03:04 localhost kernel: ACPI: X2APIC_NMI (uid[0x2b] high level lint[0x1])
Jun 06 02:03:04 localhost kernel: ACPI: X2APIC_NMI (uid[0x2c] high level lint[0x1])
Jun 06 02:03:04 localhost kernel: ACPI: X2APIC_NMI (uid[0x2d] high level lint[0x1])
Jun 06 02:03:04 localhost kernel: ACPI: X2APIC_NMI (uid[0x2e] high level lint[0x1])
Jun 06 02:03:04 localhost kernel: ACPI: X2APIC_NMI (uid[0x2f] high level lint[0x1])
Jun 06 02:03:04 localhost kernel: ACPI: X2APIC_NMI (uid[0x30] high level lint[0x1])
Jun 06 02:03:04 localhost kernel: ACPI: X2APIC_NMI (uid[0x31] high level lint[0x1])
Jun 06 02:03:04 localhost kernel: ACPI: X2APIC_NMI (uid[0x32] high level lint[0x1])
Jun 06 02:03:04 localhost kernel: ACPI: X2APIC_NMI (uid[0x33] high level lint[0x1])
Jun 06 02:03:04 localhost kernel: ACPI: X2APIC_NMI (uid[0x34] high level lint[0x1])
Jun 06 02:03:04 localhost kernel: ACPI: X2APIC_NMI (uid[0x35] high level lint[0x1])
Jun 06 02:03:04 localhost kernel: ACPI: X2APIC_NMI (uid[0x36] high level lint[0x1])
Jun 06 02:03:04 localhost kernel: ACPI: X2APIC_NMI (uid[0x37] high level lint[0x1])
Jun 06 02:03:04 localhost kernel: ACPI: X2APIC_NMI (uid[0x38] high level lint[0x1])
Jun 06 02:03:04 localhost kernel: ACPI: X2APIC_NMI (uid[0x39] high level lint[0x1])
Jun 06 02:03:04 localhost kernel: ACPI: X2APIC_NMI (uid[0x3a] high level lint[0x1])
Jun 06 02:03:04 localhost kernel: ACPI: X2APIC_NMI (uid[0x3b] high level lint[0x1])
Jun 06 02:03:04 localhost kernel: ACPI: X2APIC_NMI (uid[0x3c] high level lint[0x1])
Jun 06 02:03:04 localhost kernel: ACPI: X2APIC_NMI (uid[0x3d] high level lint[0x1])
Jun 06 02:03:04 localhost kernel: ACPI: X2APIC_NMI (uid[0x3e] high level lint[0x1])
Jun 06 02:03:04 localhost kernel: ACPI: X2APIC_NMI (uid[0x3f] high level lint[0x1])
Jun 06 02:03:04 localhost kernel: IOAPIC[0]: apic_id 8, version 32, address 0xfec00000, GSI 0-119
Jun 06 02:03:04 localhost kernel: ACPI: INT_SRC_OVR (bus 0 bus_irq 0 global_irq 2 dfl dfl)
Jun 06 02:03:04 localhost kernel: ACPI: INT_SRC_OVR (bus 0 bus_irq 9 global_irq 9 high level)
Jun 06 02:03:04 localhost kernel: ACPI: Using ACPI (MADT) for SMP configuration information
Jun 06 02:03:04 localhost kernel: ACPI: HPET id: 0x8086a701 base: 0xfed00000
Jun 06 02:03:04 localhost kernel: e820: update [mem 0x3ecc5000-0x3ecf5fff] usable ==> reserved
Jun 06 02:03:04 localhost kernel: ACPI: SPCR: console: uart,mmio,0x0,115200
Jun 06 02:03:04 localhost kernel: TSC deadline timer available
Jun 06 02:03:04 localhost kernel: smpboot: Allowing 64 CPUs, 0 hotplug CPUs
Jun 06 02:03:04 localhost kernel: PM: hibernation: Registered nosave memory: [mem 0x00000000-0x00000fff]
Jun 06 02:03:04 localhost kernel: PM: hibernation: Registered nosave memory: [mem 0x00090000-0x00093fff]
Jun 06 02:03:04 localhost kernel: PM: hibernation: Registered nosave memory: [mem 0x0009f000-0x0009ffff]
Jun 06 02:03:04 localhost kernel: PM: hibernation: Registered nosave memory: [mem 0x000a0000-0x000effff]
Jun 06 02:03:04 localhost kernel: PM: hibernation: Registered nosave memory: [mem 0x000f0000-0x000fffff]
Jun 06 02:03:04 localhost kernel: PM: hibernation: Registered nosave memory: [mem 0x3ec19000-0x3ec19fff]
Jun 06 02:03:04 localhost kernel: PM: hibernation: Registered nosave memory: [mem 0x3ec1f000-0x3ec1ffff]
Jun 06 02:03:04 localhost kernel: PM: hibernation: Registered nosave memory: [mem 0x3ec20000-0x3ec20fff]
Jun 06 02:03:04 localhost kernel: PM: hibernation: Registered nosave memory: [mem 0x3ec26000-0x3ec26fff]
Jun 06 02:03:04 localhost kernel: PM: hibernation: Registered nosave memory: [mem 0x3ec27000-0x3ec27fff]
Jun 06 02:03:04 localhost kernel: PM: hibernation: Registered nosave memory: [mem 0x3ec5a000-0x3ec5afff]
Jun 06 02:03:04 localhost kernel: PM: hibernation: Registered nosave memory: [mem 0x3ec5b000-0x3ec5bfff]
Jun 06 02:03:04 localhost kernel: PM: hibernation: Registered nosave memory: [mem 0x3ec8e000-0x3ec8efff]
Jun 06 02:03:04 localhost kernel: PM: hibernation: Registered nosave memory: [mem 0x3ecc5000-0x3ecf5fff]
Jun 06 02:03:04 localhost kernel: PM: hibernation: Registered nosave memory: [mem 0x5046c000-0x5046cfff]
Jun 06 02:03:04 localhost kernel: PM: hibernation: Registered nosave memory: [mem 0x5049f000-0x5049ffff]
Jun 06 02:03:04 localhost kernel: PM: hibernation: Registered nosave memory: [mem 0x504a0000-0x504a0fff]
Jun 06 02:03:04 localhost kernel: PM: hibernation: Registered nosave memory: [mem 0x504d3000-0x504d3fff]
Jun 06 02:03:04 localhost kernel: PM: hibernation: Registered nosave memory: [mem 0x504d4000-0x504d4fff]
Jun 06 02:03:04 localhost kernel: PM: hibernation: Registered nosave memory: [mem 0x50507000-0x50507fff]
Jun 06 02:03:04 localhost kernel: PM: hibernation: Registered nosave memory: [mem 0x50508000-0x50508fff]
Jun 06 02:03:04 localhost kernel: PM: hibernation: Registered nosave memory: [mem 0x5053b000-0x5053bfff]
Jun 06 02:03:04 localhost kernel: PM: hibernation: Registered nosave memory: [mem 0x5053c000-0x5053cfff]
Jun 06 02:03:04 localhost kernel: PM: hibernation: Registered nosave memory: [mem 0x5056f000-0x5056ffff]
Jun 06 02:03:04 localhost kernel: PM: hibernation: Registered nosave memory: [mem 0x50570000-0x50570fff]
Jun 06 02:03:04 localhost kernel: PM: hibernation: Registered nosave memory: [mem 0x505a3000-0x505a3fff]
Jun 06 02:03:04 localhost kernel: PM: hibernation: Registered nosave memory: [mem 0x505a4000-0x505a4fff]
Jun 06 02:03:04 localhost kernel: PM: hibernation: Registered nosave memory: [mem 0x505d9000-0x505d9fff]
Jun 06 02:03:04 localhost kernel: PM: hibernation: Registered nosave memory: [mem 0x505da000-0x505dafff]
Jun 06 02:03:04 localhost kernel: PM: hibernation: Registered nosave memory: [mem 0x505e5000-0x505e5fff]
Jun 06 02:03:04 localhost kernel: PM: hibernation: Registered nosave memory: [mem 0x505e6000-0x505e6fff]
Jun 06 02:03:04 localhost kernel: PM: hibernation: Registered nosave memory: [mem 0x505ee000-0x505eefff]
Jun 06 02:03:04 localhost kernel: PM: hibernation: Registered nosave memory: [mem 0x53c6c000-0x53c9bfff]
Jun 06 02:03:04 localhost kernel: PM: hibernation: Registered nosave memory: [mem 0x53c9c000-0x558ebfff]
Jun 06 02:03:04 localhost kernel: PM: hibernation: Registered nosave memory: [mem 0x58482000-0x584fdfff]
Jun 06 02:03:04 localhost kernel: PM: hibernation: Registered nosave memory: [mem 0x584fe000-0x595fdfff]
Jun 06 02:03:04 localhost kernel: PM: hibernation: Registered nosave memory: [mem 0x59836000-0x598b6fff]
Jun 06 02:03:04 localhost kernel: PM: hibernation: Registered nosave memory: [mem 0x6f800000-0x8fffffff]
Jun 06 02:03:04 localhost kernel: PM: hibernation: Registered nosave memory: [mem 0x90000000-0x97ffffff]
Jun 06 02:03:04 localhost kernel: PM: hibernation: Registered nosave memory: [mem 0x98000000-0x99c0ffff]
Jun 06 02:03:04 localhost kernel: PM: hibernation: Registered nosave memory: [mem 0x99c10000-0xfdffffff]
Jun 06 02:03:04 localhost kernel: PM: hibernation: Registered nosave memory: [mem 0xfe000000-0xfe00ffff]
Jun 06 02:03:04 localhost kernel: PM: hibernation: Registered nosave memory: [mem 0xfe010000-0xffffffff]
Jun 06 02:03:04 localhost kernel: [mem 0x99c10000-0xfdffffff] available for PCI devices
Jun 06 02:03:04 localhost kernel: Booting paravirtualized kernel on bare hardware
Jun 06 02:03:04 localhost kernel: clocksource: refined-jiffies: mask: 0xffffffff max_cycles: 0xffffffff, max_idle_ns: 1910969940391419 ns
Jun 06 02:03:04 localhost kernel: setup_percpu: NR_CPUS:8192 nr_cpumask_bits:64 nr_cpu_ids:64 nr_node_ids:1
Jun 06 02:03:04 localhost kernel: percpu: Embedded 55 pages/cpu s188416 r8192 d28672 u262144
Jun 06 02:03:04 localhost kernel: pcpu-alloc: s188416 r8192 d28672 u262144 alloc=1*2097152
Jun 06 02:03:04 localhost kernel: pcpu-alloc: [0] 00 01 02 03 04 05 06 07 [0] 08 09 10 11 12 13 14 15 
Jun 06 02:03:04 localhost kernel: pcpu-alloc: [0] 16 17 18 19 20 21 22 23 [0] 24 25 26 27 28 29 30 31 
Jun 06 02:03:04 localhost kernel: pcpu-alloc: [0] 32 33 34 35 36 37 38 39 [0] 40 41 42 43 44 45 46 47 
Jun 06 02:03:04 localhost kernel: pcpu-alloc: [0] 48 49 50 51 52 53 54 55 [0] 56 57 58 59 60 61 62 63 
Jun 06 02:03:04 localhost kernel: Fallback order for Node 0: 0 
Jun 06 02:03:04 localhost kernel: Built 1 zonelists, mobility grouping on.  Total pages: 32951644
Jun 06 02:03:04 localhost kernel: Policy zone: Normal
Jun 06 02:03:04 localhost kernel: Kernel command line: BOOT_IMAGE=/images/pxeboot/vmlinuz coreos.liveiso=rhcos-413.92.202305021736-0 ignition.firstboot ignition.platform.id=metal
Jun 06 02:03:04 localhost kernel: Unknown kernel command line parameters "BOOT_IMAGE=/images/pxeboot/vmlinuz", will be passed to user space.
Jun 06 02:03:04 localhost kernel: Dentry cache hash table entries: 8388608 (order: 14, 67108864 bytes, linear)
Jun 06 02:03:04 localhost kernel: Inode-cache hash table entries: 4194304 (order: 13, 33554432 bytes, linear)
Jun 06 02:03:04 localhost kernel: mem auto-init: stack:off, heap alloc:off, heap free:off
Jun 06 02:03:04 localhost kernel: software IO TLB: area num 64.
Jun 06 02:03:04 localhost kernel: Memory: 1333464K/133899380K available (14342K kernel code, 5536K rwdata, 10180K rodata, 2792K init, 7524K bss, 2834016K reserved, 0K cma-reserved)
Jun 06 02:03:04 localhost kernel: random: get_random_u64 called from kmem_cache_open+0x1e/0x210 with crng_init=0
Jun 06 02:03:04 localhost kernel: SLUB: HWalign=64, Order=0-3, MinObjects=0, CPUs=64, Nodes=1
Jun 06 02:03:04 localhost kernel: ftrace: allocating 44805 entries in 176 pages
Jun 06 02:03:04 localhost kernel: ftrace: allocated 176 pages with 3 groups
Jun 06 02:03:04 localhost kernel: Dynamic Preempt: voluntary
Jun 06 02:03:04 localhost kernel: rcu: Preemptible hierarchical RCU implementation.
Jun 06 02:03:04 localhost kernel: rcu:         RCU restricting CPUs from NR_CPUS=8192 to nr_cpu_ids=64.
Jun 06 02:03:04 localhost kernel:         Trampoline variant of Tasks RCU enabled.
Jun 06 02:03:04 localhost kernel:         Rude variant of Tasks RCU enabled.
Jun 06 02:03:04 localhost kernel:         Tracing variant of Tasks RCU enabled.
Jun 06 02:03:04 localhost kernel: rcu: RCU calculated value of scheduler-enlistment delay is 100 jiffies.
Jun 06 02:03:04 localhost kernel: rcu: Adjusting geometry for rcu_fanout_leaf=16, nr_cpu_ids=64
Jun 06 02:03:04 localhost kernel: NR_IRQS: 524544, nr_irqs: 2568, preallocated irqs: 16
Jun 06 02:03:04 localhost kernel: rcu: srcu_init: Setting srcu_struct sizes based on contention.
Jun 06 02:03:04 localhost kernel: kfence: initialized - using 2097152 bytes for 255 objects at 0x(____ptrval____)-0x(____ptrval____)
Jun 06 02:03:04 localhost kernel: random: crng init done (trusting CPU's manufacturer)
Jun 06 02:03:04 localhost kernel: Console: colour dummy device 80x25
Jun 06 02:03:04 localhost kernel: printk: console [tty0] enabled
Jun 06 02:03:04 localhost kernel: ACPI: Core revision 20211217
Jun 06 02:03:04 localhost kernel: clocksource: hpet: mask: 0xffffffff max_cycles: 0xffffffff, max_idle_ns: 79635855245 ns
Jun 06 02:03:04 localhost kernel: APIC: Switch to symmetric I/O mode setup
Jun 06 02:03:04 localhost kernel: DMAR: Host address width 46
Jun 06 02:03:04 localhost kernel: DMAR: DRHD base: 0x000000c17fc000 flags: 0x0
Jun 06 02:03:04 localhost kernel: DMAR: dmar0: reg_base_addr c17fc000 ver 4:0 cap 8ed008c40780466 ecap 60000f050df
Jun 06 02:03:04 localhost kernel: DMAR: DRHD base: 0x000000d4ffc000 flags: 0x0
Jun 06 02:03:04 localhost kernel: DMAR: dmar1: reg_base_addr d4ffc000 ver 4:0 cap 8ed008c40780466 ecap 60000f050df
Jun 06 02:03:04 localhost kernel: DMAR: DRHD base: 0x000000e87fc000 flags: 0x0
Jun 06 02:03:04 localhost kernel: DMAR: dmar2: reg_base_addr e87fc000 ver 4:0 cap 8ed008c40780466 ecap 60000f050df
Jun 06 02:03:04 localhost kernel: DMAR: DRHD base: 0x000000fb7fc000 flags: 0x0
Jun 06 02:03:04 localhost kernel: DMAR: dmar3: reg_base_addr fb7fc000 ver 4:0 cap 8ed008c40780466 ecap 60000f050df
Jun 06 02:03:04 localhost kernel: DMAR: DRHD base: 0x000000adffc000 flags: 0x1
Jun 06 02:03:04 localhost kernel: DMAR: dmar4: reg_base_addr adffc000 ver 4:0 cap 8ed008c40780466 ecap 60000f050df
Jun 06 02:03:04 localhost kernel: DMAR: RMRR base: 0x00000058483000 end: 0x00000058485fff
Jun 06 02:03:04 localhost kernel: DMAR: RMRR base: 0x000000584d3000 end: 0x000000584d3fff
Jun 06 02:03:04 localhost kernel: DMAR: ATSR flags: 0x0
Jun 06 02:03:04 localhost kernel: DMAR-IR: IOAPIC id 8 under DRHD base  0xadffc000 IOMMU 4
Jun 06 02:03:04 localhost kernel: DMAR-IR: HPET id 0 under DRHD base 0xadffc000
Jun 06 02:03:04 localhost kernel: DMAR-IR: Queued invalidation will be enabled to support x2apic and Intr-remapping.
Jun 06 02:03:04 localhost kernel: DMAR-IR: Enabled IRQ remapping in x2apic mode
Jun 06 02:03:04 localhost kernel: ..TIMER: vector=0x30 apic1=0 pin1=2 apic2=-1 pin2=-1
Jun 06 02:03:04 localhost kernel: clocksource: tsc-early: mask: 0xffffffffffffffff max_cycles: 0x1fb633008a4, max_idle_ns: 440795292230 ns
Jun 06 02:03:04 localhost kernel: Calibrating delay loop (skipped), value calculated using timer frequency.. 4400.00 BogoMIPS (lpj=2200000)
Jun 06 02:03:04 localhost kernel: pid_max: default: 65536 minimum: 512
Jun 06 02:03:04 localhost kernel: LSM: Security Framework initializing
Jun 06 02:03:04 localhost kernel: Yama: becoming mindful.
Jun 06 02:03:04 localhost kernel: SELinux:  Initializing.
Jun 06 02:03:04 localhost kernel: LSM support for eBPF active
Jun 06 02:03:04 localhost kernel: Mount-cache hash table entries: 131072 (order: 8, 1048576 bytes, linear)
Jun 06 02:03:04 localhost kernel: Mountpoint-cache hash table entries: 131072 (order: 8, 1048576 bytes, linear)
Jun 06 02:03:04 localhost kernel: x86/cpu: SGX disabled by BIOS.
Jun 06 02:03:04 localhost kernel: x86/tme: not enabled by BIOS
Jun 06 02:03:04 localhost kernel: CPU0: Thermal monitoring enabled (TM1)
Jun 06 02:03:04 localhost kernel: x86/cpu: User Mode Instruction Prevention (UMIP) activated
Jun 06 02:03:04 localhost kernel: process: using mwait in idle threads
Jun 06 02:03:04 localhost kernel: Last level iTLB entries: 4KB 0, 2MB 0, 4MB 0
Jun 06 02:03:04 localhost kernel: Last level dTLB entries: 4KB 0, 2MB 0, 4MB 0, 1GB 0
Jun 06 02:03:04 localhost kernel: Spectre V1 : Mitigation: usercopy/swapgs barriers and __user pointer sanitization
Jun 06 02:03:04 localhost kernel: Spectre V2 : Mitigation: Enhanced IBRS
Jun 06 02:03:04 localhost kernel: Spectre V2 : Spectre v2 / SpectreRSB mitigation: Filling RSB on context switch
Jun 06 02:03:04 localhost kernel: Spectre V2 : Spectre v2 / PBRSB-eIBRS: Retire a single CALL on VMEXIT
Jun 06 02:03:04 localhost kernel: Spectre V2 : mitigation: Enabling conditional Indirect Branch Prediction Barrier
Jun 06 02:03:04 localhost kernel: Speculative Store Bypass: Mitigation: Speculative Store Bypass disabled via prctl
Jun 06 02:03:04 localhost kernel: MMIO Stale Data: Mitigation: Clear CPU buffers
Jun 06 02:03:04 localhost kernel: Freeing SMP alternatives memory: 36K
Jun 06 02:03:04 localhost kernel: smpboot: Estimated ratio of average max frequency by base frequency (times 1024): 1349
Jun 06 02:03:04 localhost kernel: smpboot: CPU0: Intel(R) Xeon(R) Gold 6338N CPU @ 2.20GHz (family: 0x6, model: 0x6a, stepping: 0x6)
Jun 06 02:03:04 localhost kernel: cblist_init_generic: Setting adjustable number of callback queues.
Jun 06 02:03:04 localhost kernel: cblist_init_generic: Setting shift to 6 and lim to 1.
Jun 06 02:03:04 localhost kernel: cblist_init_generic: Setting shift to 6 and lim to 1.
Jun 06 02:03:04 localhost kernel: cblist_init_generic: Setting shift to 6 and lim to 1.
Jun 06 02:03:04 localhost kernel: Performance Events: PEBS fmt4+-baseline,  AnyThread deprecated, Icelake events, 32-deep LBR, full-width counters, Intel PMU driver.
Jun 06 02:03:04 localhost kernel: ... version:                5
Jun 06 02:03:04 localhost kernel: ... bit width:              48
Jun 06 02:03:04 localhost kernel: ... generic registers:      8
Jun 06 02:03:04 localhost kernel: ... value mask:             0000ffffffffffff
Jun 06 02:03:04 localhost kernel: ... max period:             00007fffffffffff
Jun 06 02:03:04 localhost kernel: ... fixed-purpose events:   4
Jun 06 02:03:04 localhost kernel: ... event mask:             0001000f000000ff
Jun 06 02:03:04 localhost kernel: rcu: Hierarchical SRCU implementation.
Jun 06 02:03:04 localhost kernel: rcu:         Max phase no-delay instances is 400.
Jun 06 02:03:04 localhost kernel: NMI watchdog: Enabled. Permanently consumes one hw-PMU counter.
Jun 06 02:03:04 localhost kernel: smp: Bringing up secondary CPUs ...
Jun 06 02:03:04 localhost kernel: x86: Booting SMP configuration:
Jun 06 02:03:04 localhost kernel: .... node  #0, CPUs:        #1  #2  #3  #4  #5  #6  #7  #8  #9 #10 #11 #12 #13 #14 #15 #16 #17 #18 #19 #20 #21 #22 #23 #24 #25 #26 #27 #28 #29 #30 #31 #32
Jun 06 02:03:04 localhost kernel: MMIO Stale Data CPU bug present and SMT on, data leak possible. See https://www.kernel.org/doc/html/latest/admin-guide/hw-vuln/processor_mmio_stale_data.html for more details.
Jun 06 02:03:04 localhost kernel:  #33 #34 #35 #36 #37 #38 #39 #40 #41 #42 #43 #44 #45 #46 #47 #48 #49 #50 #51 #52 #53 #54 #55 #56 #57 #58 #59 #60 #61 #62 #63
Jun 06 02:03:04 localhost kernel: smp: Brought up 1 node, 64 CPUs
Jun 06 02:03:04 localhost kernel: smpboot: Max logical packages: 1
Jun 06 02:03:04 localhost kernel: smpboot: Total of 64 processors activated (281600.00 BogoMIPS)
Jun 06 02:03:04 localhost kernel: node 0 deferred pages initialised in 46ms
Jun 06 02:03:04 localhost kernel: devtmpfs: initialized
Jun 06 02:03:04 localhost kernel: x86/mm: Memory block size: 2048MB
Jun 06 02:03:04 localhost kernel: ACPI: PM: Registering ACPI NVS region [mem 0x584fe000-0x595fdfff] (17825792 bytes)
Jun 06 02:03:04 localhost kernel: clocksource: jiffies: mask: 0xffffffff max_cycles: 0xffffffff, max_idle_ns: 1911260446275000 ns
Jun 06 02:03:04 localhost kernel: futex hash table entries: 16384 (order: 8, 1048576 bytes, linear)
Jun 06 02:03:04 localhost kernel: pinctrl core: initialized pinctrl subsystem
Jun 06 02:03:04 localhost kernel: NET: Registered PF_NETLINK/PF_ROUTE protocol family
Jun 06 02:03:04 localhost kernel: DMA: preallocated 4096 KiB GFP_KERNEL pool for atomic allocations
Jun 06 02:03:04 localhost kernel: DMA: preallocated 4096 KiB GFP_KERNEL|GFP_DMA pool for atomic allocations
Jun 06 02:03:04 localhost kernel: DMA: preallocated 4096 KiB GFP_KERNEL|GFP_DMA32 pool for atomic allocations
Jun 06 02:03:04 localhost kernel: audit: initializing netlink subsys (disabled)
Jun 06 02:03:04 localhost kernel: audit: type=2000 audit(1686016980.716:1): state=initialized audit_enabled=0 res=1
Jun 06 02:03:04 localhost kernel: thermal_sys: Registered thermal governor 'fair_share'
Jun 06 02:03:04 localhost kernel: thermal_sys: Registered thermal governor 'step_wise'
Jun 06 02:03:04 localhost kernel: thermal_sys: Registered thermal governor 'user_space'
Jun 06 02:03:04 localhost kernel: cpuidle: using governor menu
Jun 06 02:03:04 localhost kernel: Invalid PCCT: 0 PCC subspaces
Jun 06 02:03:04 localhost kernel: HugeTLB: can optimize 4095 vmemmap pages for hugepages-1048576kB
Jun 06 02:03:04 localhost kernel: ACPI FADT declares the system doesn't support PCIe ASPM, so disable it
Jun 06 02:03:04 localhost kernel: acpiphp: ACPI Hot Plug PCI Controller Driver version: 0.5
Jun 06 02:03:04 localhost kernel: PCI: MMCONFIG for domain 0000 [bus 00-ff] at [mem 0x80000000-0x8fffffff] (base 0x80000000)
Jun 06 02:03:04 localhost kernel: PCI: MMCONFIG at [mem 0x80000000-0x8fffffff] reserved in E820
Jun 06 02:03:04 localhost kernel: PCI: Using configuration type 1 for base access
Jun 06 02:03:04 localhost kernel: ENERGY_PERF_BIAS: Set to 'normal', was 'performance'
Jun 06 02:03:04 localhost kernel: kprobes: kprobe jump-optimization is enabled. All kprobes are optimized if possible.
Jun 06 02:03:04 localhost kernel: HugeTLB: can optimize 7 vmemmap pages for hugepages-2048kB
Jun 06 02:03:04 localhost kernel: HugeTLB registered 1.00 GiB page size, pre-allocated 0 pages
Jun 06 02:03:04 localhost kernel: HugeTLB registered 2.00 MiB page size, pre-allocated 0 pages
Jun 06 02:03:04 localhost kernel: cryptd: max_cpu_qlen set to 1000
Jun 06 02:03:04 localhost kernel: ACPI: Added _OSI(Module Device)
Jun 06 02:03:04 localhost kernel: ACPI: Added _OSI(Processor Device)
Jun 06 02:03:04 localhost kernel: ACPI: Added _OSI(3.0 _SCP Extensions)
Jun 06 02:03:04 localhost kernel: ACPI: Added _OSI(Processor Aggregator Device)
Jun 06 02:03:04 localhost kernel: ACPI: Added _OSI(Linux-Dell-Video)
Jun 06 02:03:04 localhost kernel: ACPI: Added _OSI(Linux-Lenovo-NV-HDMI-Audio)
Jun 06 02:03:04 localhost kernel: ACPI: Added _OSI(Linux-HPI-Hybrid-Graphics)
Jun 06 02:03:04 localhost kernel: ACPI: 8 ACPI AML tables successfully acquired and loaded
Jun 06 02:03:04 localhost kernel: ACPI: Dynamic OEM Table Load:
Jun 06 02:03:04 localhost kernel: ACPI: Interpreter enabled
Jun 06 02:03:04 localhost kernel: ACPI: PM: (supports S0 S5)
Jun 06 02:03:04 localhost kernel: ACPI: Using IOAPIC for interrupt routing
Jun 06 02:03:04 localhost kernel: HEST: Table parsing has been initialized.
Jun 06 02:03:04 localhost kernel: PCI: Using host bridge windows from ACPI; if necessary, use "pci=nocrs" and report a bug
Jun 06 02:03:04 localhost kernel: PCI: Using E820 reservations for host bridge windows
Jun 06 02:03:04 localhost kernel: ACPI: Enabled 3 GPEs in block 00 to 7F
Jun 06 02:03:04 localhost kernel: ACPI: PCI Root Bridge [UNC0] (domain 0000 [bus fe])
Jun 06 02:03:04 localhost kernel: acpi PNP0A03:00: _OSC: OS supports [ExtendedConfig ASPM ClockPM Segments MSI EDR HPX-Type3]
Jun 06 02:03:04 localhost kernel: PCI host bridge to bus 0000:fe
Jun 06 02:03:04 localhost kernel: pci_bus 0000:fe: root bus resource [bus fe]
Jun 06 02:03:04 localhost kernel: pci 0000:fe:00.0: [8086:3450] type 00 class 0x088000
Jun 06 02:03:04 localhost kernel: pci 0000:fe:00.1: [8086:3451] type 00 class 0x088000
Jun 06 02:03:04 localhost kernel: pci 0000:fe:00.2: [8086:3452] type 00 class 0x088000
Jun 06 02:03:04 localhost kernel: pci 0000:fe:00.3: [8086:0998] type 00 class 0x060000
Jun 06 02:03:04 localhost kernel: pci 0000:fe:00.5: [8086:3455] type 00 class 0x088000
Jun 06 02:03:04 localhost kernel: pci 0000:fe:02.0: [8086:3440] type 00 class 0x088000
Jun 06 02:03:04 localhost kernel: pci 0000:fe:02.1: [8086:3441] type 00 class 0x088000
Jun 06 02:03:04 localhost kernel: pci 0000:fe:02.2: [8086:3442] type 00 class 0x088000
Jun 06 02:03:04 localhost kernel: pci 0000:fe:03.0: [8086:3440] type 00 class 0x088000
Jun 06 02:03:04 localhost kernel: pci 0000:fe:03.1: [8086:3441] type 00 class 0x088000
Jun 06 02:03:04 localhost kernel: pci 0000:fe:03.2: [8086:3442] type 00 class 0x088000
Jun 06 02:03:04 localhost kernel: pci 0000:fe:04.0: [8086:3440] type 00 class 0x088000
Jun 06 02:03:04 localhost kernel: pci 0000:fe:04.1: [8086:3441] type 00 class 0x088000
Jun 06 02:03:04 localhost kernel: pci 0000:fe:04.2: [8086:3442] type 00 class 0x088000
Jun 06 02:03:04 localhost kernel: pci 0000:fe:04.3: [8086:3443] type 00 class 0x088000
Jun 06 02:03:04 localhost kernel: pci 0000:fe:05.0: [8086:3445] type 00 class 0x088000
Jun 06 02:03:04 localhost kernel: pci 0000:fe:05.1: [8086:3446] type 00 class 0x088000
Jun 06 02:03:04 localhost kernel: pci 0000:fe:05.2: [8086:3447] type 00 class 0x088000
Jun 06 02:03:04 localhost kernel: pci 0000:fe:06.0: [8086:3445] type 00 class 0x088000
Jun 06 02:03:04 localhost kernel: pci 0000:fe:06.1: [8086:3446] type 00 class 0x088000
Jun 06 02:03:04 localhost kernel: pci 0000:fe:06.2: [8086:3447] type 00 class 0x088000
Jun 06 02:03:04 localhost kernel: pci 0000:fe:07.0: [8086:3445] type 00 class 0x088000
Jun 06 02:03:04 localhost kernel: pci 0000:fe:07.1: [8086:3446] type 00 class 0x088000
Jun 06 02:03:04 localhost kernel: pci 0000:fe:07.2: [8086:3447] type 00 class 0x088000
Jun 06 02:03:04 localhost kernel: pci 0000:fe:0b.0: [8086:3448] type 00 class 0x088000
Jun 06 02:03:04 localhost kernel: pci 0000:fe:0b.1: [8086:3448] type 00 class 0x088000
Jun 06 02:03:04 localhost kernel: pci 0000:fe:0b.2: [8086:344b] type 00 class 0x088000
Jun 06 02:03:04 localhost kernel: pci 0000:fe:0c.0: [8086:344a] type 00 class 0x110100
Jun 06 02:03:04 localhost kernel: pci 0000:fe:0d.0: [8086:344a] type 00 class 0x110100
Jun 06 02:03:04 localhost kernel: pci 0000:fe:0e.0: [8086:344a] type 00 class 0x110100
Jun 06 02:03:04 localhost kernel: pci 0000:fe:0f.0: [8086:344a] type 00 class 0x110100
Jun 06 02:03:04 localhost kernel: pci 0000:fe:1a.0: [8086:2880] type 00 class 0x110100
Jun 06 02:03:04 localhost kernel: pci 0000:fe:1b.0: [8086:2880] type 00 class 0x110100
Jun 06 02:03:04 localhost kernel: pci 0000:fe:1c.0: [8086:2880] type 00 class 0x110100
Jun 06 02:03:04 localhost kernel: pci 0000:fe:1d.0: [8086:2880] type 00 class 0x110100
Jun 06 02:03:04 localhost kernel: pci_bus 0000:fe: on NUMA node 0
Jun 06 02:03:04 localhost kernel: ACPI: PCI Root Bridge [UNC1] (domain 0000 [bus ff])
Jun 06 02:03:04 localhost kernel: acpi PNP0A03:01: _OSC: OS supports [ExtendedConfig ASPM ClockPM Segments MSI EDR HPX-Type3]
Jun 06 02:03:04 localhost kernel: PCI host bridge to bus 0000:ff
Jun 06 02:03:04 localhost kernel: pci_bus 0000:ff: root bus resource [bus ff]
Jun 06 02:03:04 localhost kernel: pci 0000:ff:00.0: [8086:344c] type 00 class 0x088000
Jun 06 02:03:04 localhost kernel: pci 0000:ff:00.1: [8086:344c] type 00 class 0x088000
Jun 06 02:03:04 localhost kernel: pci 0000:ff:00.2: [8086:344c] type 00 class 0x088000
Jun 06 02:03:04 localhost kernel: pci 0000:ff:00.3: [8086:344c] type 00 class 0x088000
Jun 06 02:03:04 localhost kernel: pci 0000:ff:00.4: [8086:344c] type 00 class 0x088000
Jun 06 02:03:04 localhost kernel: pci 0000:ff:00.5: [8086:344c] type 00 class 0x088000
Jun 06 02:03:04 localhost kernel: pci 0000:ff:00.6: [8086:344c] type 00 class 0x088000
Jun 06 02:03:04 localhost kernel: pci 0000:ff:00.7: [8086:344c] type 00 class 0x088000
Jun 06 02:03:04 localhost kernel: pci 0000:ff:01.0: [8086:344c] type 00 class 0x088000
Jun 06 02:03:04 localhost kernel: pci 0000:ff:01.1: [8086:344c] type 00 class 0x088000
Jun 06 02:03:04 localhost kernel: pci 0000:ff:01.2: [8086:344c] type 00 class 0x088000
Jun 06 02:03:04 localhost kernel: pci 0000:ff:01.3: [8086:344c] type 00 class 0x088000
Jun 06 02:03:04 localhost kernel: pci 0000:ff:01.4: [8086:344c] type 00 class 0x088000
Jun 06 02:03:04 localhost kernel: pci 0000:ff:01.5: [8086:344c] type 00 class 0x088000
Jun 06 02:03:04 localhost kernel: pci 0000:ff:01.6: [8086:344c] type 00 class 0x088000
Jun 06 02:03:04 localhost kernel: pci 0000:ff:01.7: [8086:344c] type 00 class 0x088000
Jun 06 02:03:04 localhost kernel: pci 0000:ff:02.0: [8086:344c] type 00 class 0x088000
Jun 06 02:03:04 localhost kernel: pci 0000:ff:02.1: [8086:344c] type 00 class 0x088000
Jun 06 02:03:04 localhost kernel: pci 0000:ff:02.2: [8086:344c] type 00 class 0x088000
Jun 06 02:03:04 localhost kernel: pci 0000:ff:02.3: [8086:344c] type 00 class 0x088000
Jun 06 02:03:04 localhost kernel: pci 0000:ff:02.4: [8086:344c] type 00 class 0x088000
Jun 06 02:03:04 localhost kernel: pci 0000:ff:02.5: [8086:344c] type 00 class 0x088000
Jun 06 02:03:04 localhost kernel: pci 0000:ff:02.6: [8086:344c] type 00 class 0x088000
Jun 06 02:03:04 localhost kernel: pci 0000:ff:02.7: [8086:344c] type 00 class 0x088000
Jun 06 02:03:04 localhost kernel: pci 0000:ff:03.0: [8086:344c] type 00 class 0x088000
Jun 06 02:03:04 localhost kernel: pci 0000:ff:03.1: [8086:344c] type 00 class 0x088000
Jun 06 02:03:04 localhost kernel: pci 0000:ff:03.2: [8086:344c] type 00 class 0x088000
Jun 06 02:03:04 localhost kernel: pci 0000:ff:03.3: [8086:344c] type 00 class 0x088000
Jun 06 02:03:04 localhost kernel: pci 0000:ff:03.4: [8086:344c] type 00 class 0x088000
Jun 06 02:03:04 localhost kernel: pci 0000:ff:03.5: [8086:344c] type 00 class 0x088000
Jun 06 02:03:04 localhost kernel: pci 0000:ff:03.6: [8086:344c] type 00 class 0x088000
Jun 06 02:03:04 localhost kernel: pci 0000:ff:03.7: [8086:344c] type 00 class 0x088000
Jun 06 02:03:04 localhost kernel: pci 0000:ff:04.0: [8086:344c] type 00 class 0x088000
Jun 06 02:03:04 localhost kernel: pci 0000:ff:04.1: [8086:344c] type 00 class 0x088000
Jun 06 02:03:04 localhost kernel: pci 0000:ff:04.2: [8086:344c] type 00 class 0x088000
Jun 06 02:03:04 localhost kernel: pci 0000:ff:04.3: [8086:344c] type 00 class 0x088000
Jun 06 02:03:04 localhost kernel: pci 0000:ff:04.4: [8086:344c] type 00 class 0x088000
Jun 06 02:03:04 localhost kernel: pci 0000:ff:04.5: [8086:344c] type 00 class 0x088000
Jun 06 02:03:04 localhost kernel: pci 0000:ff:04.6: [8086:344c] type 00 class 0x088000
Jun 06 02:03:04 localhost kernel: pci 0000:ff:04.7: [8086:344c] type 00 class 0x088000
Jun 06 02:03:04 localhost kernel: pci 0000:ff:0a.0: [8086:344d] type 00 class 0x088000
Jun 06 02:03:04 localhost kernel: pci 0000:ff:0a.1: [8086:344d] type 00 class 0x088000
Jun 06 02:03:04 localhost kernel: pci 0000:ff:0a.2: [8086:344d] type 00 class 0x088000
Jun 06 02:03:04 localhost kernel: pci 0000:ff:0a.3: [8086:344d] type 00 class 0x088000
Jun 06 02:03:04 localhost kernel: pci 0000:ff:0a.4: [8086:344d] type 00 class 0x088000
Jun 06 02:03:04 localhost kernel: pci 0000:ff:0a.5: [8086:344d] type 00 class 0x088000
Jun 06 02:03:04 localhost kernel: pci 0000:ff:0a.6: [8086:344d] type 00 class 0x088000
Jun 06 02:03:04 localhost kernel: pci 0000:ff:0a.7: [8086:344d] type 00 class 0x088000
Jun 06 02:03:04 localhost kernel: pci 0000:ff:0b.0: [8086:344d] type 00 class 0x088000
Jun 06 02:03:04 localhost kernel: pci 0000:ff:0b.1: [8086:344d] type 00 class 0x088000
Jun 06 02:03:04 localhost kernel: pci 0000:ff:0b.2: [8086:344d] type 00 class 0x088000
Jun 06 02:03:04 localhost kernel: pci 0000:ff:0b.3: [8086:344d] type 00 class 0x088000
Jun 06 02:03:04 localhost kernel: pci 0000:ff:0b.4: [8086:344d] type 00 class 0x088000
Jun 06 02:03:04 localhost kernel: pci 0000:ff:0b.5: [8086:344d] type 00 class 0x088000
Jun 06 02:03:04 localhost kernel: pci 0000:ff:0b.6: [8086:344d] type 00 class 0x088000
Jun 06 02:03:04 localhost kernel: pci 0000:ff:0b.7: [8086:344d] type 00 class 0x088000
Jun 06 02:03:04 localhost kernel: pci 0000:ff:0c.0: [8086:344d] type 00 class 0x088000
Jun 06 02:03:04 localhost kernel: pci 0000:ff:0c.1: [8086:344d] type 00 class 0x088000
Jun 06 02:03:04 localhost kernel: pci 0000:ff:0c.2: [8086:344d] type 00 class 0x088000
Jun 06 02:03:04 localhost kernel: pci 0000:ff:0c.3: [8086:344d] type 00 class 0x088000
Jun 06 02:03:04 localhost kernel: pci 0000:ff:0c.4: [8086:344d] type 00 class 0x088000
Jun 06 02:03:04 localhost kernel: pci 0000:ff:0c.5: [8086:344d] type 00 class 0x088000
Jun 06 02:03:04 localhost kernel: pci 0000:ff:0c.6: [8086:344d] type 00 class 0x088000
Jun 06 02:03:04 localhost kernel: pci 0000:ff:0c.7: [8086:344d] type 00 class 0x088000
Jun 06 02:03:04 localhost kernel: pci 0000:ff:0d.0: [8086:344d] type 00 class 0x088000
Jun 06 02:03:04 localhost kernel: pci 0000:ff:0d.1: [8086:344d] type 00 class 0x088000
Jun 06 02:03:04 localhost kernel: pci 0000:ff:0d.2: [8086:344d] type 00 class 0x088000
Jun 06 02:03:04 localhost kernel: pci 0000:ff:0d.3: [8086:344d] type 00 class 0x088000
Jun 06 02:03:04 localhost kernel: pci 0000:ff:0d.4: [8086:344d] type 00 class 0x088000
Jun 06 02:03:04 localhost kernel: pci 0000:ff:0d.5: [8086:344d] type 00 class 0x088000
Jun 06 02:03:04 localhost kernel: pci 0000:ff:0d.6: [8086:344d] type 00 class 0x088000
Jun 06 02:03:04 localhost kernel: pci 0000:ff:0d.7: [8086:344d] type 00 class 0x088000
Jun 06 02:03:04 localhost kernel: pci 0000:ff:0e.0: [8086:344d] type 00 class 0x088000
Jun 06 02:03:04 localhost kernel: pci 0000:ff:0e.1: [8086:344d] type 00 class 0x088000
Jun 06 02:03:04 localhost kernel: pci 0000:ff:0e.2: [8086:344d] type 00 class 0x088000
Jun 06 02:03:04 localhost kernel: pci 0000:ff:0e.3: [8086:344d] type 00 class 0x088000
Jun 06 02:03:04 localhost kernel: pci 0000:ff:0e.4: [8086:344d] type 00 class 0x088000
Jun 06 02:03:04 localhost kernel: pci 0000:ff:0e.5: [8086:344d] type 00 class 0x088000
Jun 06 02:03:04 localhost kernel: pci 0000:ff:0e.6: [8086:344d] type 00 class 0x088000
Jun 06 02:03:04 localhost kernel: pci 0000:ff:0e.7: [8086:344d] type 00 class 0x088000
Jun 06 02:03:04 localhost kernel: pci 0000:ff:1d.0: [8086:344f] type 00 class 0x088000
Jun 06 02:03:04 localhost kernel: pci 0000:ff:1d.1: [8086:3457] type 00 class 0x088000
Jun 06 02:03:04 localhost kernel: pci 0000:ff:1e.0: [8086:3458] type 00 class 0x088000
Jun 06 02:03:04 localhost kernel: pci 0000:ff:1e.1: [8086:3459] type 00 class 0x088000
Jun 06 02:03:04 localhost kernel: pci 0000:ff:1e.2: [8086:345a] type 00 class 0x088000
Jun 06 02:03:04 localhost kernel: pci 0000:ff:1e.3: [8086:345b] type 00 class 0x088000
Jun 06 02:03:04 localhost kernel: pci 0000:ff:1e.4: [8086:345c] type 00 class 0x088000
Jun 06 02:03:04 localhost kernel: pci 0000:ff:1e.5: [8086:345d] type 00 class 0x088000
Jun 06 02:03:04 localhost kernel: pci 0000:ff:1e.6: [8086:345e] type 00 class 0x088000
Jun 06 02:03:04 localhost kernel: pci 0000:ff:1e.7: [8086:345f] type 00 class 0x088000
Jun 06 02:03:04 localhost kernel: pci_bus 0000:ff: on NUMA node 0
Jun 06 02:03:04 localhost kernel: ACPI: PCI Root Bridge [PC00] (domain 0000 [bus 00-0e])
Jun 06 02:03:04 localhost kernel: acpi PNP0A08:00: _OSC: OS supports [ExtendedConfig ASPM ClockPM Segments MSI EDR HPX-Type3]
Jun 06 02:03:04 localhost kernel: acpi PNP0A08:00: _OSC: platform does not support [SHPCHotplug AER LTR DPC]
Jun 06 02:03:04 localhost kernel: acpi PNP0A08:00: _OSC: OS now controls [PCIeHotplug PME PCIeCapability]
Jun 06 02:03:04 localhost kernel: acpi PNP0A08:00: FADT indicates ASPM is unsupported, using BIOS configuration
Jun 06 02:03:04 localhost kernel: PCI host bridge to bus 0000:00
Jun 06 02:03:04 localhost kernel: pci_bus 0000:00: root bus resource [io  0x0000-0x03af window]
Jun 06 02:03:04 localhost kernel: pci_bus 0000:00: root bus resource [io  0x03e0-0x0cf7 window]
Jun 06 02:03:04 localhost kernel: pci_bus 0000:00: root bus resource [io  0x03b0-0x03bb window]
Jun 06 02:03:04 localhost kernel: pci_bus 0000:00: root bus resource [io  0x03c0-0x03df window]
Jun 06 02:03:04 localhost kernel: pci_bus 0000:00: root bus resource [mem 0x000a0000-0x000bffff window]
Jun 06 02:03:04 localhost kernel: pci_bus 0000:00: root bus resource [io  0x1000-0x4fff window]
Jun 06 02:03:04 localhost kernel: pci_bus 0000:00: root bus resource [mem 0x90000000-0xadffbfff window]
Jun 06 02:03:04 localhost kernel: pci_bus 0000:00: root bus resource [mem 0x200000000000-0x20ffffffffff window]
Jun 06 02:03:04 localhost kernel: pci_bus 0000:00: root bus resource [bus 00-0e]
Jun 06 02:03:04 localhost kernel: pci 0000:00:00.0: [8086:09a2] type 00 class 0x088000
Jun 06 02:03:04 localhost kernel: pci 0000:00:00.1: [8086:09a4] type 00 class 0x088000
Jun 06 02:03:04 localhost kernel: pci 0000:00:00.2: [8086:09a3] type 00 class 0x088000
Jun 06 02:03:04 localhost kernel: pci 0000:00:00.4: [8086:0998] type 00 class 0x060000
Jun 06 02:03:04 localhost kernel: pci 0000:00:01.0: [8086:0b00] type 00 class 0x088000
Jun 06 02:03:04 localhost kernel: pci 0000:00:01.0: reg 0x10: [mem 0x20fffff40000-0x20fffff43fff 64bit]
Jun 06 02:03:04 localhost kernel: pci 0000:00:01.1: [8086:0b00] type 00 class 0x088000
Jun 06 02:03:04 localhost kernel: pci 0000:00:01.1: reg 0x10: [mem 0x20fffff3c000-0x20fffff3ffff 64bit]
Jun 06 02:03:04 localhost kernel: pci 0000:00:01.2: [8086:0b00] type 00 class 0x088000
Jun 06 02:03:04 localhost kernel: pci 0000:00:01.2: reg 0x10: [mem 0x20fffff38000-0x20fffff3bfff 64bit]
Jun 06 02:03:04 localhost kernel: pci 0000:00:01.3: [8086:0b00] type 00 class 0x088000
Jun 06 02:03:04 localhost kernel: pci 0000:00:01.3: reg 0x10: [mem 0x20fffff34000-0x20fffff37fff 64bit]
Jun 06 02:03:04 localhost kernel: pci 0000:00:01.4: [8086:0b00] type 00 class 0x088000
Jun 06 02:03:04 localhost kernel: pci 0000:00:01.4: reg 0x10: [mem 0x20fffff30000-0x20fffff33fff 64bit]
Jun 06 02:03:04 localhost kernel: pci 0000:00:01.5: [8086:0b00] type 00 class 0x088000
Jun 06 02:03:04 localhost kernel: pci 0000:00:01.5: reg 0x10: [mem 0x20fffff2c000-0x20fffff2ffff 64bit]
Jun 06 02:03:04 localhost kernel: pci 0000:00:01.6: [8086:0b00] type 00 class 0x088000
Jun 06 02:03:04 localhost kernel: pci 0000:00:01.6: reg 0x10: [mem 0x20fffff28000-0x20fffff2bfff 64bit]
Jun 06 02:03:04 localhost kernel: pci 0000:00:01.7: [8086:0b00] type 00 class 0x088000
Jun 06 02:03:04 localhost kernel: pci 0000:00:01.7: reg 0x10: [mem 0x20fffff24000-0x20fffff27fff 64bit]
Jun 06 02:03:04 localhost kernel: pci 0000:00:02.0: [8086:09a6] type 00 class 0x088000
Jun 06 02:03:04 localhost kernel: pci 0000:00:02.0: reg 0x10: [mem 0x9a194000-0x9a195fff]
Jun 06 02:03:04 localhost kernel: pci 0000:00:02.1: [8086:09a7] type 00 class 0x088000
Jun 06 02:03:04 localhost kernel: pci 0000:00:02.1: reg 0x10: [mem 0x9a100000-0x9a17ffff]
Jun 06 02:03:04 localhost kernel: pci 0000:00:02.1: reg 0x14: [mem 0x9a080000-0x9a0fffff]
Jun 06 02:03:04 localhost kernel: pci 0000:00:02.4: [8086:3456] type 00 class 0x130000
Jun 06 02:03:04 localhost kernel: pci 0000:00:02.4: reg 0x10: [mem 0x20ffffe00000-0x20ffffefffff 64bit]
Jun 06 02:03:04 localhost kernel: pci 0000:00:02.4: reg 0x18: [mem 0x20fffff20000-0x20fffff23fff 64bit]
Jun 06 02:03:04 localhost kernel: pci 0000:00:02.4: reg 0x20: [mem 0x20fffff00000-0x20fffff1ffff 64bit]
Jun 06 02:03:04 localhost kernel: pci 0000:00:11.0: [8086:a1ec] type 00 class 0xff0000
Jun 06 02:03:04 localhost kernel: pci 0000:00:14.0: [8086:a1af] type 00 class 0x0c0330
Jun 06 02:03:04 localhost kernel: pci 0000:00:14.0: reg 0x10: [mem 0x9a180000-0x9a18ffff 64bit]
Jun 06 02:03:04 localhost kernel: pci 0000:00:14.0: PME# supported from D3hot D3cold
Jun 06 02:03:04 localhost kernel: pci 0000:00:14.2: [8086:a1b1] type 00 class 0x118000
Jun 06 02:03:04 localhost kernel: pci 0000:00:14.2: reg 0x10: [mem 0x20fffff47000-0x20fffff47fff 64bit]
Jun 06 02:03:04 localhost kernel: pci 0000:00:1c.0: [8086:a190] type 01 class 0x060400
Jun 06 02:03:04 localhost kernel: pci 0000:00:1c.0: PME# supported from D0 D3hot D3cold
Jun 06 02:03:04 localhost kernel: pci 0000:00:1c.4: [8086:a194] type 01 class 0x060400
Jun 06 02:03:04 localhost kernel: pci 0000:00:1c.4: PME# supported from D0 D3hot D3cold
Jun 06 02:03:04 localhost kernel: pci 0000:00:1c.5: [8086:a195] type 01 class 0x060400
Jun 06 02:03:04 localhost kernel: pci 0000:00:1c.5: PME# supported from D0 D3hot D3cold
Jun 06 02:03:04 localhost kernel: pci 0000:00:1f.0: [8086:a1cb] type 00 class 0x060100
Jun 06 02:03:04 localhost kernel: pci 0000:00:1f.2: [8086:a1a1] type 00 class 0x058000
Jun 06 02:03:04 localhost kernel: pci 0000:00:1f.2: reg 0x10: [mem 0x9a190000-0x9a193fff]
Jun 06 02:03:04 localhost kernel: pci 0000:00:1c.0: PCI bridge to [bus 02]
Jun 06 02:03:04 localhost kernel: pci 0000:01:00.0: [103c:3306] type 00 class 0x088000
Jun 06 02:03:04 localhost kernel: pci 0000:01:00.0: reg 0x10: [io  0x1200-0x12ff]
Jun 06 02:03:04 localhost kernel: pci 0000:01:00.0: reg 0x14: [mem 0x99b9e000-0x99b9e3ff]
Jun 06 02:03:04 localhost kernel: pci 0000:01:00.0: reg 0x18: [io  0x1100-0x11ff]
Jun 06 02:03:04 localhost kernel: pci 0000:01:00.0: reg 0x1c: [mem 0x94000000-0x97ffffff]
Jun 06 02:03:04 localhost kernel: pci 0000:01:00.0: reg 0x20: [mem 0x99800000-0x999fffff]
Jun 06 02:03:04 localhost kernel: pci 0000:01:00.1: [102b:0538] type 00 class 0x030000
Jun 06 02:03:04 localhost kernel: pci 0000:01:00.1: reg 0x10: [mem 0x98000000-0x98ffffff pref]
Jun 06 02:03:04 localhost kernel: pci 0000:01:00.1: reg 0x14: [mem 0x99b98000-0x99b9bfff]
Jun 06 02:03:04 localhost kernel: pci 0000:01:00.1: reg 0x18: [mem 0x99000000-0x997fffff]
Jun 06 02:03:04 localhost kernel: pci 0000:01:00.1: BAR 0: assigned to efifb
Jun 06 02:03:04 localhost kernel: pci 0000:01:00.1: Video device with shadowed ROM at [mem 0x000c0000-0x000dffff]
Jun 06 02:03:04 localhost kernel: pci 0000:01:00.2: [103c:3307] type 00 class 0x088000
Jun 06 02:03:04 localhost kernel: pci 0000:01:00.2: reg 0x10: [io  0x1000-0x10ff]
Jun 06 02:03:04 localhost kernel: pci 0000:01:00.2: reg 0x14: [mem 0x99b9d000-0x99b9d0ff]
Jun 06 02:03:04 localhost kernel: pci 0000:01:00.2: reg 0x18: [mem 0x99a00000-0x99afffff]
Jun 06 02:03:04 localhost kernel: pci 0000:01:00.2: reg 0x1c: [mem 0x99b00000-0x99b7ffff]
Jun 06 02:03:04 localhost kernel: pci 0000:01:00.2: reg 0x20: [mem 0x99b90000-0x99b97fff]
Jun 06 02:03:04 localhost kernel: pci 0000:01:00.2: reg 0x24: [mem 0x99b80000-0x99b8ffff]
Jun 06 02:03:04 localhost kernel: pci 0000:01:00.2: reg 0x30: [mem 0x00000000-0x0003ffff pref]
Jun 06 02:03:04 localhost kernel: pci 0000:01:00.2: PME# supported from D0 D3hot D3cold
Jun 06 02:03:04 localhost kernel: pci 0000:01:00.4: [103c:22f6] type 00 class 0x0c0320
Jun 06 02:03:04 localhost kernel: pci 0000:01:00.4: reg 0x10: [mem 0x99b9c000-0x99b9c0ff]
Jun 06 02:03:04 localhost kernel: pci 0000:00:1c.4: PCI bridge to [bus 01]
Jun 06 02:03:04 localhost kernel: pci 0000:00:1c.4:   bridge window [io  0x1000-0x1fff]
Jun 06 02:03:04 localhost kernel: pci 0000:00:1c.4:   bridge window [mem 0x90000000-0x99bfffff]
Jun 06 02:03:04 localhost kernel: pci 0000:03:00.0: working around ROM BAR overlap defect
Jun 06 02:03:04 localhost kernel: pci 0000:03:00.0: [8086:1537] type 00 class 0x020000
Jun 06 02:03:04 localhost kernel: pci 0000:03:00.0: reg 0x10: [mem 0x99d00000-0x99dfffff]
Jun 06 02:03:04 localhost kernel: pci 0000:03:00.0: reg 0x18: [io  0x2000-0x201f]
Jun 06 02:03:04 localhost kernel: pci 0000:03:00.0: reg 0x1c: [mem 0x99e00000-0x99e03fff]
Jun 06 02:03:04 localhost kernel: pci 0000:03:00.0: reg 0x30: [mem 0x00000000-0x000fffff pref]
Jun 06 02:03:04 localhost kernel: pci 0000:03:00.0: PME# supported from D0 D3hot D3cold
Jun 06 02:03:04 localhost kernel: pci 0000:00:1c.5: PCI bridge to [bus 03]
Jun 06 02:03:04 localhost kernel: pci 0000:00:1c.5:   bridge window [io  0x2000-0x2fff]
Jun 06 02:03:04 localhost kernel: pci 0000:00:1c.5:   bridge window [mem 0x99d00000-0x99efffff]
Jun 06 02:03:04 localhost kernel: pci_bus 0000:00: on NUMA node 0
Jun 06 02:03:04 localhost kernel: ACPI: PCI: Interrupt link LNKA configured for IRQ 11
Jun 06 02:03:04 localhost kernel: ACPI: PCI: Interrupt link LNKB configured for IRQ 10
Jun 06 02:03:04 localhost kernel: ACPI: PCI: Interrupt link LNKC configured for IRQ 11
Jun 06 02:03:04 localhost kernel: ACPI: PCI: Interrupt link LNKD configured for IRQ 11
Jun 06 02:03:04 localhost kernel: ACPI: PCI: Interrupt link LNKE configured for IRQ 11
Jun 06 02:03:04 localhost kernel: ACPI: PCI: Interrupt link LNKF configured for IRQ 11
Jun 06 02:03:04 localhost kernel: ACPI: PCI: Interrupt link LNKG configured for IRQ 11
Jun 06 02:03:04 localhost kernel: ACPI: PCI: Interrupt link LNKH configured for IRQ 11
Jun 06 02:03:04 localhost kernel: ACPI: PCI Root Bridge [PC01] (domain 0000 [bus 0f-49])
Jun 06 02:03:04 localhost kernel: acpi PNP0A08:01: _OSC: OS supports [ExtendedConfig ASPM ClockPM Segments MSI EDR HPX-Type3]
Jun 06 02:03:04 localhost kernel: acpi PNP0A08:01: _OSC: platform does not support [SHPCHotplug AER LTR DPC]
Jun 06 02:03:04 localhost kernel: acpi PNP0A08:01: _OSC: OS now controls [PCIeHotplug PME PCIeCapability]
Jun 06 02:03:04 localhost kernel: acpi PNP0A08:01: FADT indicates ASPM is unsupported, using BIOS configuration
Jun 06 02:03:04 localhost kernel: PCI host bridge to bus 0000:0f
Jun 06 02:03:04 localhost kernel: pci_bus 0000:0f: root bus resource [io  0x5000-0x7fff window]
Jun 06 02:03:04 localhost kernel: pci_bus 0000:0f: root bus resource [mem 0xae000000-0xc17fbfff window]
Jun 06 02:03:04 localhost kernel: pci_bus 0000:0f: root bus resource [mem 0x210000000000-0x21ffffffffff window]
Jun 06 02:03:04 localhost kernel: pci_bus 0000:0f: root bus resource [bus 0f-49]
Jun 06 02:03:04 localhost kernel: pci 0000:0f:00.0: [8086:09a2] type 00 class 0x088000
Jun 06 02:03:04 localhost kernel: pci 0000:0f:00.1: [8086:09a4] type 00 class 0x088000
Jun 06 02:03:04 localhost kernel: pci 0000:0f:00.2: [8086:09a3] type 00 class 0x088000
Jun 06 02:03:04 localhost kernel: pci 0000:0f:00.4: [8086:0998] type 00 class 0x060000
Jun 06 02:03:04 localhost kernel: pci 0000:0f:02.0: [8086:347a] type 01 class 0x060400
Jun 06 02:03:04 localhost kernel: pci 0000:0f:02.0: reg 0x10: [mem 0x21fffe520000-0x21fffe53ffff 64bit]
Jun 06 02:03:04 localhost kernel: pci 0000:0f:02.0: PME# supported from D0 D3hot D3cold
Jun 06 02:03:04 localhost kernel: pci 0000:0f:04.0: [8086:347c] type 01 class 0x060400
Jun 06 02:03:04 localhost kernel: pci 0000:0f:04.0: reg 0x10: [mem 0x21fffe500000-0x21fffe51ffff 64bit]
Jun 06 02:03:04 localhost kernel: pci 0000:0f:04.0: PME# supported from D0 D3hot D3cold
Jun 06 02:03:04 localhost kernel: pci 0000:10:00.0: [8086:1593] type 00 class 0x020000
Jun 06 02:03:04 localhost kernel: pci 0000:10:00.0: reg 0x10: [mem 0x21ffee000000-0x21ffefffffff 64bit pref]
Jun 06 02:03:04 localhost kernel: pci 0000:10:00.0: reg 0x1c: [mem 0x21fff2030000-0x21fff203ffff 64bit pref]
Jun 06 02:03:04 localhost kernel: pci 0000:10:00.0: reg 0x30: [mem 0x00000000-0x000fffff pref]
Jun 06 02:03:04 localhost kernel: pci 0000:10:00.0: reg 0x184: [mem 0x21fff1800000-0x21fff181ffff 64bit pref]
Jun 06 02:03:04 localhost kernel: pci 0000:10:00.0: VF(n) BAR0 space: [mem 0x21fff1800000-0x21fff1ffffff 64bit pref] (contains BAR0 for 64 VFs)
Jun 06 02:03:04 localhost kernel: pci 0000:10:00.0: reg 0x190: [mem 0x21fff2340000-0x21fff2343fff 64bit pref]
Jun 06 02:03:04 localhost kernel: pci 0000:10:00.0: VF(n) BAR3 space: [mem 0x21fff2340000-0x21fff243ffff 64bit pref] (contains BAR3 for 64 VFs)
Jun 06 02:03:04 localhost kernel: pci 0000:10:00.0: 126.024 Gb/s available PCIe bandwidth, limited by 16.0 GT/s PCIe x8 link at 0000:0f:02.0 (capable of 252.048 Gb/s with 16.0 GT/s PCIe x16 link)
Jun 06 02:03:04 localhost kernel: pci 0000:10:00.1: [8086:1593] type 00 class 0x020000
Jun 06 02:03:04 localhost kernel: pci 0000:10:00.1: reg 0x10: [mem 0x21ffec000000-0x21ffedffffff 64bit pref]
Jun 06 02:03:04 localhost kernel: pci 0000:10:00.1: reg 0x1c: [mem 0x21fff2020000-0x21fff202ffff 64bit pref]
Jun 06 02:03:04 localhost kernel: pci 0000:10:00.1: reg 0x30: [mem 0x00000000-0x000fffff pref]
Jun 06 02:03:04 localhost kernel: pci 0000:10:00.1: reg 0x184: [mem 0x21fff1000000-0x21fff101ffff 64bit pref]
Jun 06 02:03:04 localhost kernel: pci 0000:10:00.1: VF(n) BAR0 space: [mem 0x21fff1000000-0x21fff17fffff 64bit pref] (contains BAR0 for 64 VFs)
Jun 06 02:03:04 localhost kernel: pci 0000:10:00.1: reg 0x190: [mem 0x21fff2240000-0x21fff2243fff 64bit pref]
Jun 06 02:03:04 localhost kernel: pci 0000:10:00.1: VF(n) BAR3 space: [mem 0x21fff2240000-0x21fff233ffff 64bit pref] (contains BAR3 for 64 VFs)
Jun 06 02:03:04 localhost kernel: pci 0000:10:00.2: [8086:1593] type 00 class 0x020000
Jun 06 02:03:04 localhost kernel: pci 0000:10:00.2: reg 0x10: [mem 0x21ffea000000-0x21ffebffffff 64bit pref]
Jun 06 02:03:04 localhost kernel: pci 0000:10:00.2: reg 0x1c: [mem 0x21fff2010000-0x21fff201ffff 64bit pref]
Jun 06 02:03:04 localhost kernel: pci 0000:10:00.2: reg 0x30: [mem 0x00000000-0x000fffff pref]
Jun 06 02:03:04 localhost kernel: pci 0000:10:00.2: reg 0x184: [mem 0x21fff0800000-0x21fff081ffff 64bit pref]
Jun 06 02:03:04 localhost kernel: pci 0000:10:00.2: VF(n) BAR0 space: [mem 0x21fff0800000-0x21fff0ffffff 64bit pref] (contains BAR0 for 64 VFs)
Jun 06 02:03:04 localhost kernel: pci 0000:10:00.2: reg 0x190: [mem 0x21fff2140000-0x21fff2143fff 64bit pref]
Jun 06 02:03:04 localhost kernel: pci 0000:10:00.2: VF(n) BAR3 space: [mem 0x21fff2140000-0x21fff223ffff 64bit pref] (contains BAR3 for 64 VFs)
Jun 06 02:03:04 localhost kernel: pci 0000:10:00.3: [8086:1593] type 00 class 0x020000
Jun 06 02:03:04 localhost kernel: pci 0000:10:00.3: reg 0x10: [mem 0x21ffe8000000-0x21ffe9ffffff 64bit pref]
Jun 06 02:03:04 localhost kernel: pci 0000:10:00.3: reg 0x1c: [mem 0x21fff2000000-0x21fff200ffff 64bit pref]
Jun 06 02:03:04 localhost kernel: pci 0000:10:00.3: reg 0x30: [mem 0x00000000-0x000fffff pref]
Jun 06 02:03:04 localhost kernel: pci 0000:10:00.3: reg 0x184: [mem 0x21fff0000000-0x21fff001ffff 64bit pref]
Jun 06 02:03:04 localhost kernel: pci 0000:10:00.3: VF(n) BAR0 space: [mem 0x21fff0000000-0x21fff07fffff 64bit pref] (contains BAR0 for 64 VFs)
Jun 06 02:03:04 localhost kernel: pci 0000:10:00.3: reg 0x190: [mem 0x21fff2040000-0x21fff2043fff 64bit pref]
Jun 06 02:03:04 localhost kernel: pci 0000:10:00.3: VF(n) BAR3 space: [mem 0x21fff2040000-0x21fff213ffff 64bit pref] (contains BAR3 for 64 VFs)
Jun 06 02:03:04 localhost kernel: pci 0000:0f:02.0: PCI bridge to [bus 10-11]
Jun 06 02:03:04 localhost kernel: pci 0000:0f:02.0:   bridge window [mem 0x21ffe8000000-0x21fff24fffff 64bit pref]
Jun 06 02:03:04 localhost kernel: pci 0000:12:00.0: [8086:1593] type 00 class 0x020000
Jun 06 02:03:04 localhost kernel: pci 0000:12:00.0: reg 0x10: [mem 0x21fffa000000-0x21fffbffffff 64bit pref]
Jun 06 02:03:04 localhost kernel: pci 0000:12:00.0: reg 0x1c: [mem 0x21fffe030000-0x21fffe03ffff 64bit pref]
Jun 06 02:03:04 localhost kernel: pci 0000:12:00.0: reg 0x30: [mem 0x00000000-0x000fffff pref]
Jun 06 02:03:04 localhost kernel: pci 0000:12:00.0: reg 0x184: [mem 0x21fffd800000-0x21fffd81ffff 64bit pref]
Jun 06 02:03:04 localhost kernel: pci 0000:12:00.0: VF(n) BAR0 space: [mem 0x21fffd800000-0x21fffdffffff 64bit pref] (contains BAR0 for 64 VFs)
Jun 06 02:03:04 localhost kernel: pci 0000:12:00.0: reg 0x190: [mem 0x21fffe340000-0x21fffe343fff 64bit pref]
Jun 06 02:03:04 localhost kernel: pci 0000:12:00.0: VF(n) BAR3 space: [mem 0x21fffe340000-0x21fffe43ffff 64bit pref] (contains BAR3 for 64 VFs)
Jun 06 02:03:04 localhost kernel: pci 0000:12:00.0: 126.024 Gb/s available PCIe bandwidth, limited by 16.0 GT/s PCIe x8 link at 0000:0f:04.0 (capable of 252.048 Gb/s with 16.0 GT/s PCIe x16 link)
Jun 06 02:03:04 localhost kernel: pci 0000:12:00.1: [8086:1593] type 00 class 0x020000
Jun 06 02:03:04 localhost kernel: pci 0000:12:00.1: reg 0x10: [mem 0x21fff8000000-0x21fff9ffffff 64bit pref]
Jun 06 02:03:04 localhost kernel: pci 0000:12:00.1: reg 0x1c: [mem 0x21fffe020000-0x21fffe02ffff 64bit pref]
Jun 06 02:03:04 localhost kernel: pci 0000:12:00.1: reg 0x30: [mem 0x00000000-0x000fffff pref]
Jun 06 02:03:04 localhost kernel: pci 0000:12:00.1: reg 0x184: [mem 0x21fffd000000-0x21fffd01ffff 64bit pref]
Jun 06 02:03:04 localhost kernel: pci 0000:12:00.1: VF(n) BAR0 space: [mem 0x21fffd000000-0x21fffd7fffff 64bit pref] (contains BAR0 for 64 VFs)
Jun 06 02:03:04 localhost kernel: pci 0000:12:00.1: reg 0x190: [mem 0x21fffe240000-0x21fffe243fff 64bit pref]
Jun 06 02:03:04 localhost kernel: pci 0000:12:00.1: VF(n) BAR3 space: [mem 0x21fffe240000-0x21fffe33ffff 64bit pref] (contains BAR3 for 64 VFs)
Jun 06 02:03:04 localhost kernel: pci 0000:12:00.2: [8086:1593] type 00 class 0x020000
Jun 06 02:03:04 localhost kernel: pci 0000:12:00.2: reg 0x10: [mem 0x21fff6000000-0x21fff7ffffff 64bit pref]
Jun 06 02:03:04 localhost kernel: pci 0000:12:00.2: reg 0x1c: [mem 0x21fffe010000-0x21fffe01ffff 64bit pref]
Jun 06 02:03:04 localhost kernel: pci 0000:12:00.2: reg 0x30: [mem 0x00000000-0x000fffff pref]
Jun 06 02:03:04 localhost kernel: pci 0000:12:00.2: reg 0x184: [mem 0x21fffc800000-0x21fffc81ffff 64bit pref]
Jun 06 02:03:04 localhost kernel: pci 0000:12:00.2: VF(n) BAR0 space: [mem 0x21fffc800000-0x21fffcffffff 64bit pref] (contains BAR0 for 64 VFs)
Jun 06 02:03:04 localhost kernel: pci 0000:12:00.2: reg 0x190: [mem 0x21fffe140000-0x21fffe143fff 64bit pref]
Jun 06 02:03:04 localhost kernel: pci 0000:12:00.2: VF(n) BAR3 space: [mem 0x21fffe140000-0x21fffe23ffff 64bit pref] (contains BAR3 for 64 VFs)
Jun 06 02:03:04 localhost kernel: pci 0000:12:00.3: [8086:1593] type 00 class 0x020000
Jun 06 02:03:04 localhost kernel: pci 0000:12:00.3: reg 0x10: [mem 0x21fff4000000-0x21fff5ffffff 64bit pref]
Jun 06 02:03:04 localhost kernel: pci 0000:12:00.3: reg 0x1c: [mem 0x21fffe000000-0x21fffe00ffff 64bit pref]
Jun 06 02:03:04 localhost kernel: pci 0000:12:00.3: reg 0x30: [mem 0x00000000-0x000fffff pref]
Jun 06 02:03:04 localhost kernel: pci 0000:12:00.3: reg 0x184: [mem 0x21fffc000000-0x21fffc01ffff 64bit pref]
Jun 06 02:03:04 localhost kernel: pci 0000:12:00.3: VF(n) BAR0 space: [mem 0x21fffc000000-0x21fffc7fffff 64bit pref] (contains BAR0 for 64 VFs)
Jun 06 02:03:04 localhost kernel: pci 0000:12:00.3: reg 0x190: [mem 0x21fffe040000-0x21fffe043fff 64bit pref]
Jun 06 02:03:04 localhost kernel: pci 0000:12:00.3: VF(n) BAR3 space: [mem 0x21fffe040000-0x21fffe13ffff 64bit pref] (contains BAR3 for 64 VFs)
Jun 06 02:03:04 localhost kernel: pci 0000:0f:04.0: PCI bridge to [bus 12-13]
Jun 06 02:03:04 localhost kernel: pci 0000:0f:04.0:   bridge window [mem 0x21fff4000000-0x21fffe4fffff 64bit pref]
Jun 06 02:03:04 localhost kernel: pci_bus 0000:0f: on NUMA node 0
Jun 06 02:03:04 localhost kernel: ACPI: PCI Root Bridge [PC02] (domain 0000 [bus 4a-84])
Jun 06 02:03:04 localhost kernel: acpi PNP0A08:02: _OSC: OS supports [ExtendedConfig ASPM ClockPM Segments MSI EDR HPX-Type3]
Jun 06 02:03:04 localhost kernel: acpi PNP0A08:02: _OSC: platform does not support [SHPCHotplug AER LTR DPC]
Jun 06 02:03:04 localhost kernel: acpi PNP0A08:02: _OSC: OS now controls [PCIeHotplug PME PCIeCapability]
Jun 06 02:03:04 localhost kernel: acpi PNP0A08:02: FADT indicates ASPM is unsupported, using BIOS configuration
Jun 06 02:03:04 localhost kernel: PCI host bridge to bus 0000:4a
Jun 06 02:03:04 localhost kernel: pci_bus 0000:4a: root bus resource [io  0x8000-0xafff window]
Jun 06 02:03:04 localhost kernel: pci_bus 0000:4a: root bus resource [mem 0xc1800000-0xd4ffbfff window]
Jun 06 02:03:04 localhost kernel: pci_bus 0000:4a: root bus resource [mem 0x220000000000-0x22ffffffffff window]
Jun 06 02:03:04 localhost kernel: pci_bus 0000:4a: root bus resource [bus 4a-84]
Jun 06 02:03:04 localhost kernel: pci 0000:4a:00.0: [8086:09a2] type 00 class 0x088000
Jun 06 02:03:04 localhost kernel: pci 0000:4a:00.1: [8086:09a4] type 00 class 0x088000
Jun 06 02:03:04 localhost kernel: pci 0000:4a:00.2: [8086:09a3] type 00 class 0x088000
Jun 06 02:03:04 localhost kernel: pci 0000:4a:00.4: [8086:0998] type 00 class 0x060000
Jun 06 02:03:04 localhost kernel: pci 0000:4a:02.0: [8086:347a] type 01 class 0x060400
Jun 06 02:03:04 localhost kernel: pci 0000:4a:02.0: reg 0x10: [mem 0x22fffff00000-0x22fffff1ffff 64bit]
Jun 06 02:03:04 localhost kernel: pci 0000:4a:02.0: enabling Extended Tags
Jun 06 02:03:04 localhost kernel: pci 0000:4a:02.0: PME# supported from D0 D3hot D3cold
Jun 06 02:03:04 localhost kernel: pci 0000:4b:00.0: [8086:0d5c] type 00 class 0x120001
Jun 06 02:03:04 localhost kernel: pci 0000:4b:00.0: reg 0x10: [mem 0xc2000000-0xc2ffffff 64bit]
Jun 06 02:03:04 localhost kernel: pci 0000:4b:00.0: PME# supported from D0 D3hot
Jun 06 02:03:04 localhost kernel: pci 0000:4b:00.0: reg 0x2c4: [mem 0xc3000000-0xc3000fff 64bit]
Jun 06 02:03:04 localhost kernel: pci 0000:4b:00.0: VF(n) BAR0 space: [mem 0xc3000000-0xc300ffff 64bit] (contains BAR0 for 16 VFs)
Jun 06 02:03:04 localhost kernel: pci 0000:4a:02.0: PCI bridge to [bus 4b-4d]
Jun 06 02:03:04 localhost kernel: pci 0000:4a:02.0:   bridge window [mem 0xc2000000-0xc30fffff]
Jun 06 02:03:04 localhost kernel: pci_bus 0000:4a: on NUMA node 0
Jun 06 02:03:04 localhost kernel: ACPI: PCI Root Bridge [PC04] (domain 0000 [bus 85-bf])
Jun 06 02:03:04 localhost kernel: acpi PNP0A08:03: _OSC: OS supports [ExtendedConfig ASPM ClockPM Segments MSI EDR HPX-Type3]
Jun 06 02:03:04 localhost kernel: acpi PNP0A08:03: _OSC: platform does not support [SHPCHotplug AER LTR DPC]
Jun 06 02:03:04 localhost kernel: acpi PNP0A08:03: _OSC: OS now controls [PCIeHotplug PME PCIeCapability]
Jun 06 02:03:04 localhost kernel: acpi PNP0A08:03: FADT indicates ASPM is unsupported, using BIOS configuration
Jun 06 02:03:04 localhost kernel: PCI host bridge to bus 0000:85
Jun 06 02:03:04 localhost kernel: pci_bus 0000:85: root bus resource [io  0xb000-0xdfff window]
Jun 06 02:03:04 localhost kernel: pci_bus 0000:85: root bus resource [mem 0xd5000000-0xe87fbfff window]
Jun 06 02:03:04 localhost kernel: pci_bus 0000:85: root bus resource [mem 0x230000000000-0x23ffffffffff window]
Jun 06 02:03:04 localhost kernel: pci_bus 0000:85: root bus resource [bus 85-bf]
Jun 06 02:03:04 localhost kernel: pci 0000:85:00.0: [8086:09a2] type 00 class 0x088000
Jun 06 02:03:04 localhost kernel: pci 0000:85:00.1: [8086:09a4] type 00 class 0x088000
Jun 06 02:03:04 localhost kernel: pci 0000:85:00.2: [8086:09a3] type 00 class 0x088000
Jun 06 02:03:04 localhost kernel: pci 0000:85:00.4: [8086:0998] type 00 class 0x060000
Jun 06 02:03:04 localhost kernel: pci 0000:85:02.0: [8086:347a] type 01 class 0x060400
Jun 06 02:03:04 localhost kernel: pci 0000:85:02.0: reg 0x10: [mem 0x23fffff00000-0x23fffff1ffff 64bit]
Jun 06 02:03:04 localhost kernel: pci 0000:85:02.0: enabling Extended Tags
Jun 06 02:03:04 localhost kernel: pci 0000:85:02.0: PME# supported from D0 D3hot D3cold
Jun 06 02:03:04 localhost kernel: pci 0000:85:02.0: PCI bridge to [bus 86]
Jun 06 02:03:04 localhost kernel: pci_bus 0000:85: on NUMA node 0
Jun 06 02:03:04 localhost kernel: ACPI: PCI Root Bridge [PC05] (domain 0000 [bus c0-fa])
Jun 06 02:03:04 localhost kernel: acpi PNP0A08:04: _OSC: OS supports [ExtendedConfig ASPM ClockPM Segments MSI EDR HPX-Type3]
Jun 06 02:03:04 localhost kernel: acpi PNP0A08:04: _OSC: platform does not support [SHPCHotplug AER LTR DPC]
Jun 06 02:03:04 localhost kernel: acpi PNP0A08:04: _OSC: OS now controls [PCIeHotplug PME PCIeCapability]
Jun 06 02:03:04 localhost kernel: acpi PNP0A08:04: FADT indicates ASPM is unsupported, using BIOS configuration
Jun 06 02:03:04 localhost kernel: PCI host bridge to bus 0000:c0
Jun 06 02:03:04 localhost kernel: pci_bus 0000:c0: root bus resource [io  0xe000-0xffff window]
Jun 06 02:03:04 localhost kernel: pci_bus 0000:c0: root bus resource [mem 0xe8800000-0xfb7fbfff window]
Jun 06 02:03:04 localhost kernel: pci_bus 0000:c0: root bus resource [mem 0x240000000000-0x24ffffffffff window]
Jun 06 02:03:04 localhost kernel: pci_bus 0000:c0: root bus resource [bus c0-fa]
Jun 06 02:03:04 localhost kernel: pci 0000:c0:00.0: [8086:09a2] type 00 class 0x088000
Jun 06 02:03:04 localhost kernel: pci 0000:c0:00.1: [8086:09a4] type 00 class 0x088000
Jun 06 02:03:04 localhost kernel: pci 0000:c0:00.2: [8086:09a3] type 00 class 0x088000
Jun 06 02:03:04 localhost kernel: pci 0000:c0:00.4: [8086:0998] type 00 class 0x060000
Jun 06 02:03:04 localhost kernel: pci 0000:c0:02.0: [8086:347a] type 01 class 0x060400
Jun 06 02:03:04 localhost kernel: pci 0000:c0:02.0: reg 0x10: [mem 0x24fffff60000-0x24fffff7ffff 64bit]
Jun 06 02:03:04 localhost kernel: pci 0000:c0:02.0: enabling Extended Tags
Jun 06 02:03:04 localhost kernel: pci 0000:c0:02.0: PME# supported from D0 D3hot D3cold
Jun 06 02:03:04 localhost kernel: pci 0000:c0:03.0: [8086:347b] type 01 class 0x060400
Jun 06 02:03:04 localhost kernel: pci 0000:c0:03.0: reg 0x10: [mem 0x24fffff40000-0x24fffff5ffff 64bit]
Jun 06 02:03:04 localhost kernel: pci 0000:c0:03.0: enabling Extended Tags
Jun 06 02:03:04 localhost kernel: pci 0000:c0:03.0: PME# supported from D0 D3hot D3cold
Jun 06 02:03:04 localhost kernel: pci 0000:c0:04.0: [8086:347c] type 01 class 0x060400
Jun 06 02:03:04 localhost kernel: pci 0000:c0:04.0: reg 0x10: [mem 0x24fffff20000-0x24fffff3ffff 64bit]
Jun 06 02:03:04 localhost kernel: pci 0000:c0:04.0: enabling Extended Tags
Jun 06 02:03:04 localhost kernel: pci 0000:c0:04.0: PME# supported from D0 D3hot D3cold
Jun 06 02:03:04 localhost kernel: pci 0000:c0:05.0: [8086:347d] type 01 class 0x060400
Jun 06 02:03:04 localhost kernel: pci 0000:c0:05.0: reg 0x10: [mem 0x24fffff00000-0x24fffff1ffff 64bit]
Jun 06 02:03:04 localhost kernel: pci 0000:c0:05.0: enabling Extended Tags
Jun 06 02:03:04 localhost kernel: pci 0000:c0:05.0: PME# supported from D0 D3hot D3cold
Jun 06 02:03:04 localhost kernel: pci 0000:c0:02.0: PCI bridge to [bus c1]
Jun 06 02:03:04 localhost kernel: pci 0000:c2:00.0: [144d:a808] type 00 class 0x010802
Jun 06 02:03:04 localhost kernel: pci 0000:c2:00.0: reg 0x10: [mem 0xe8900000-0xe8903fff 64bit]
Jun 06 02:03:04 localhost kernel: pci 0000:c2:00.0: reg 0x30: [mem 0x00000000-0x0000ffff pref]
Jun 06 02:03:04 localhost kernel: pci 0000:c2:00.0: 15.752 Gb/s available PCIe bandwidth, limited by 8.0 GT/s PCIe x2 link at 0000:c0:03.0 (capable of 31.504 Gb/s with 8.0 GT/s PCIe x4 link)
Jun 06 02:03:04 localhost kernel: pci 0000:c0:03.0: PCI bridge to [bus c2]
Jun 06 02:03:04 localhost kernel: pci 0000:c0:03.0:   bridge window [mem 0xe8900000-0xe89fffff]
Jun 06 02:03:04 localhost kernel: pci 0000:c3:00.0: [144d:a808] type 00 class 0x010802
Jun 06 02:03:04 localhost kernel: pci 0000:c3:00.0: reg 0x10: [mem 0xe8800000-0xe8803fff 64bit]
Jun 06 02:03:04 localhost kernel: pci 0000:c3:00.0: reg 0x30: [mem 0x00000000-0x0000ffff pref]
Jun 06 02:03:04 localhost kernel: pci 0000:c3:00.0: 15.752 Gb/s available PCIe bandwidth, limited by 8.0 GT/s PCIe x2 link at 0000:c0:04.0 (capable of 31.504 Gb/s with 8.0 GT/s PCIe x4 link)
Jun 06 02:03:04 localhost kernel: pci 0000:c0:04.0: PCI bridge to [bus c3]
Jun 06 02:03:04 localhost kernel: pci 0000:c0:04.0:   bridge window [mem 0xe8800000-0xe88fffff]
Jun 06 02:03:04 localhost kernel: pci 0000:c0:05.0: PCI bridge to [bus c4]
Jun 06 02:03:04 localhost kernel: pci_bus 0000:c0: on NUMA node 0
Jun 06 02:03:04 localhost kernel: iommu: Default domain type: Translated 
Jun 06 02:03:04 localhost kernel: iommu: DMA domain TLB invalidation policy: lazy mode 
Jun 06 02:03:04 localhost kernel: SCSI subsystem initialized
Jun 06 02:03:04 localhost kernel: ACPI: bus type USB registered
Jun 06 02:03:04 localhost kernel: usbcore: registered new interface driver usbfs
Jun 06 02:03:04 localhost kernel: usbcore: registered new interface driver hub
Jun 06 02:03:04 localhost kernel: usbcore: registered new device driver usb
Jun 06 02:03:04 localhost kernel: pps_core: LinuxPPS API ver. 1 registered
Jun 06 02:03:04 localhost kernel: pps_core: Software ver. 5.3.6 - Copyright 2005-2007 Rodolfo Giometti <giometti@linux.it>
Jun 06 02:03:04 localhost kernel: PTP clock support registered
Jun 06 02:03:04 localhost kernel: EDAC MC: Ver: 3.0.0
Jun 06 02:03:04 localhost kernel: Registered efivars operations
Jun 06 02:03:04 localhost kernel: NetLabel: Initializing
Jun 06 02:03:04 localhost kernel: NetLabel:  domain hash size = 128
Jun 06 02:03:04 localhost kernel: NetLabel:  protocols = UNLABELED CIPSOv4 CALIPSO
Jun 06 02:03:04 localhost kernel: NetLabel:  unlabeled traffic allowed by default
Jun 06 02:03:04 localhost kernel: PCI: Using ACPI for IRQ routing
Jun 06 02:03:04 localhost kernel: PCI: pci_cache_line_size set to 64 bytes
Jun 06 02:03:04 localhost kernel: Expanded resource Reserved due to conflict with PCI Bus 0000:01
Jun 06 02:03:04 localhost kernel: e820: reserve RAM buffer [mem 0x0009f000-0x0009ffff]
Jun 06 02:03:04 localhost kernel: e820: reserve RAM buffer [mem 0x3ec19018-0x3fffffff]
Jun 06 02:03:04 localhost kernel: e820: reserve RAM buffer [mem 0x3ec20018-0x3fffffff]
Jun 06 02:03:04 localhost kernel: e820: reserve RAM buffer [mem 0x3ec27018-0x3fffffff]
Jun 06 02:03:04 localhost kernel: e820: reserve RAM buffer [mem 0x3ec5b018-0x3fffffff]
Jun 06 02:03:04 localhost kernel: e820: reserve RAM buffer [mem 0x3ecc5000-0x3fffffff]
Jun 06 02:03:04 localhost kernel: e820: reserve RAM buffer [mem 0x5046c018-0x53ffffff]
Jun 06 02:03:04 localhost kernel: e820: reserve RAM buffer [mem 0x504a0018-0x53ffffff]
Jun 06 02:03:04 localhost kernel: e820: reserve RAM buffer [mem 0x504d4018-0x53ffffff]
Jun 06 02:03:04 localhost kernel: e820: reserve RAM buffer [mem 0x50508018-0x53ffffff]
Jun 06 02:03:04 localhost kernel: e820: reserve RAM buffer [mem 0x5053c018-0x53ffffff]
Jun 06 02:03:04 localhost kernel: e820: reserve RAM buffer [mem 0x50570018-0x53ffffff]
Jun 06 02:03:04 localhost kernel: e820: reserve RAM buffer [mem 0x505a4018-0x53ffffff]
Jun 06 02:03:04 localhost kernel: e820: reserve RAM buffer [mem 0x505da018-0x53ffffff]
Jun 06 02:03:04 localhost kernel: e820: reserve RAM buffer [mem 0x505e6018-0x53ffffff]
Jun 06 02:03:04 localhost kernel: e820: reserve RAM buffer [mem 0x53c6c000-0x53ffffff]
Jun 06 02:03:04 localhost kernel: e820: reserve RAM buffer [mem 0x58482000-0x5bffffff]
Jun 06 02:03:04 localhost kernel: e820: reserve RAM buffer [mem 0x59836000-0x5bffffff]
Jun 06 02:03:04 localhost kernel: e820: reserve RAM buffer [mem 0x6f800000-0x6fffffff]
Jun 06 02:03:04 localhost kernel: pci 0000:01:00.1: vgaarb: setting as boot VGA device
Jun 06 02:03:04 localhost kernel: pci 0000:01:00.1: vgaarb: bridge control possible
Jun 06 02:03:04 localhost kernel: pci 0000:01:00.1: vgaarb: VGA device added: decodes=io+mem,owns=io+mem,locks=none
Jun 06 02:03:04 localhost kernel: vgaarb: loaded
Jun 06 02:03:04 localhost kernel: hpet0: at MMIO 0xfed00000, IRQs 2, 8, 0, 0, 0, 0, 0, 0
Jun 06 02:03:04 localhost kernel: hpet0: 8 comparators, 64-bit 24.000000 MHz counter
Jun 06 02:03:04 localhost kernel: clocksource: Switched to clocksource tsc-early
Jun 06 02:03:04 localhost kernel: VFS: Disk quotas dquot_6.6.0
Jun 06 02:03:04 localhost kernel: VFS: Dquot-cache hash table entries: 512 (order 0, 4096 bytes)
Jun 06 02:03:04 localhost kernel: pnp: PnP ACPI init
Jun 06 02:03:04 localhost kernel: system 00:01: [io  0x0500-0x053f] has been reserved
Jun 06 02:03:04 localhost kernel: system 00:01: [io  0x0400-0x047f] has been reserved
Jun 06 02:03:04 localhost kernel: system 00:01: [io  0x0540-0x057f] has been reserved
Jun 06 02:03:04 localhost kernel: system 00:01: [io  0x0600-0x061f] has been reserved
Jun 06 02:03:04 localhost kernel: system 00:01: [io  0x0880-0x0883] has been reserved
Jun 06 02:03:04 localhost kernel: system 00:01: [io  0x0800-0x081f] has been reserved
Jun 06 02:03:04 localhost kernel: system 00:01: [mem 0xfed1c000-0xfed3ffff] has been reserved
Jun 06 02:03:04 localhost kernel: system 00:01: [mem 0xfed45000-0xfed8bfff] has been reserved
Jun 06 02:03:04 localhost kernel: system 00:01: [mem 0xff000000-0xffffffff] has been reserved
Jun 06 02:03:04 localhost kernel: system 00:01: [mem 0xfee00000-0xfeefffff] has been reserved
Jun 06 02:03:04 localhost kernel: system 00:01: [mem 0xfed12000-0xfed1200f] has been reserved
Jun 06 02:03:04 localhost kernel: system 00:01: [mem 0xfed12010-0xfed1201f] has been reserved
Jun 06 02:03:04 localhost kernel: system 00:01: [mem 0xfed1b000-0xfed1bfff] has been reserved
Jun 06 02:03:04 localhost kernel: pnp: PnP ACPI: found 3 devices
Jun 06 02:03:04 localhost kernel: clocksource: acpi_pm: mask: 0xffffff max_cycles: 0xffffff, max_idle_ns: 2085701024 ns
Jun 06 02:03:04 localhost kernel: NET: Registered PF_INET protocol family
Jun 06 02:03:04 localhost kernel: IP idents hash table entries: 262144 (order: 9, 2097152 bytes, linear)
Jun 06 02:03:04 localhost kernel: tcp_listen_portaddr_hash hash table entries: 65536 (order: 8, 1048576 bytes, linear)
Jun 06 02:03:04 localhost kernel: Table-perturb hash table entries: 65536 (order: 6, 262144 bytes, linear)
Jun 06 02:03:04 localhost kernel: TCP established hash table entries: 524288 (order: 10, 4194304 bytes, linear)
Jun 06 02:03:04 localhost kernel: TCP bind hash table entries: 65536 (order: 8, 1048576 bytes, linear)
Jun 06 02:03:04 localhost kernel: TCP: Hash tables configured (established 524288 bind 65536)
Jun 06 02:03:04 localhost kernel: MPTCP token hash table entries: 65536 (order: 8, 1572864 bytes, linear)
Jun 06 02:03:04 localhost kernel: UDP hash table entries: 65536 (order: 9, 2097152 bytes, linear)
Jun 06 02:03:04 localhost kernel: UDP-Lite hash table entries: 65536 (order: 9, 2097152 bytes, linear)
Jun 06 02:03:04 localhost kernel: NET: Registered PF_UNIX/PF_LOCAL protocol family
Jun 06 02:03:04 localhost kernel: NET: Registered PF_XDP protocol family
Jun 06 02:03:04 localhost kernel: pci 0000:00:1c.0: PCI bridge to [bus 02]
Jun 06 02:03:04 localhost kernel: pci 0000:01:00.2: BAR 6: assigned [mem 0x90000000-0x9003ffff pref]
Jun 06 02:03:04 localhost kernel: pci 0000:00:1c.4: PCI bridge to [bus 01]
Jun 06 02:03:04 localhost kernel: pci 0000:00:1c.4:   bridge window [io  0x1000-0x1fff]
Jun 06 02:03:04 localhost kernel: pci 0000:00:1c.4:   bridge window [mem 0x90000000-0x99bfffff]
Jun 06 02:03:04 localhost kernel: pci 0000:03:00.0: BAR 6: no space for [mem size 0x00100000 pref]
Jun 06 02:03:04 localhost kernel: pci 0000:03:00.0: BAR 6: failed to assign [mem size 0x00100000 pref]
Jun 06 02:03:04 localhost kernel: pci 0000:00:1c.5: PCI bridge to [bus 03]
Jun 06 02:03:04 localhost kernel: pci 0000:00:1c.5:   bridge window [io  0x2000-0x2fff]
Jun 06 02:03:04 localhost kernel: pci 0000:00:1c.5:   bridge window [mem 0x99d00000-0x99efffff]
Jun 06 02:03:04 localhost kernel: pci_bus 0000:00: resource 4 [io  0x0000-0x03af window]
Jun 06 02:03:04 localhost kernel: pci_bus 0000:00: resource 5 [io  0x03e0-0x0cf7 window]
Jun 06 02:03:04 localhost kernel: pci_bus 0000:00: resource 6 [io  0x03b0-0x03bb window]
Jun 06 02:03:04 localhost kernel: pci_bus 0000:00: resource 7 [io  0x03c0-0x03df window]
Jun 06 02:03:04 localhost kernel: pci_bus 0000:00: resource 8 [mem 0x000a0000-0x000bffff window]
